2025-10-06 17:00:53,933 [INFO] social_media_connectors.youtube.manifest - Wrote manifest with 1603 rows to /Users/saml16/projects/Elections_info/social_media_connectors/youtube/video_manifest.csv
2025-10-06 17:03:53,420 [INFO] social_media_connectors.youtube.auth - Loaded cached credentials from /Users/saml16/projects/Elections_info/token.json
2025-10-06 17:03:53,592 [INFO] social_media_connectors.youtube.auth - Refreshed OAuth credentials for /Users/saml16/projects/Elections_info/token.json
2025-10-06 17:03:53,593 [INFO] social_media_connectors.youtube.auth - Persisted credentials to /Users/saml16/projects/Elections_info/token.json
2025-10-06 17:03:53,598 [INFO] social_media_connectors.youtube.client - Created YouTube service for secrets=/Users/saml16/projects/Elections_info/credentials.json token=/Users/saml16/projects/Elections_info/token.json
2025-10-06 17:03:53,598 [INFO] social_media_connectors.youtube.bulk_upload - Starting bulk upload from /Users/saml16/projects/Elections_info/social_media_connectors/youtube/video_manifest.csv
2025-10-06 17:03:53,606 [INFO] social_media_connectors.youtube.upload - Starting upload for /Users/saml16/projects/Elections_info/static/central_elections/lok_sabha_2024/Combined_video/1.mp4
2025-10-06 17:03:55,409 [INFO] social_media_connectors.youtube.upload - Upload complete for /Users/saml16/projects/Elections_info/static/central_elections/lok_sabha_2024/Combined_video/1.mp4 (video_id=gK2EkqRlMh4)
2025-10-06 17:03:56,103 [INFO] social_media_connectors.youtube.playlists - Inserted video gK2EkqRlMh4 into playlist PLxDNB6KvO9IYOZVXL-yguGPypGRcz1gy9 (playlist_item_id=UEx4RE5CNkt2TzlJWU9aVlhMLXlndUdQeXBHUmN6MWd5OS5ERkUyQTM0MzEwQjZCMTY5)
2025-10-06 17:03:56,103 [INFO] social_media_connectors.youtube.upload - Added video gK2EkqRlMh4 to playlist PLxDNB6KvO9IYOZVXL-yguGPypGRcz1gy9 (playlist_item_id=UEx4RE5CNkt2TzlJWU9aVlhMLXlndUdQeXBHUmN6MWd5OS5ERkUyQTM0MzEwQjZCMTY5)
2025-10-06 17:03:56,107 [INFO] social_media_connectors.youtube.upload - Starting upload for /Users/saml16/projects/Elections_info/static/central_elections/lok_sabha_2024/Combined_video/10.mp4
2025-10-06 17:03:57,809 [INFO] social_media_connectors.youtube.upload - Upload complete for /Users/saml16/projects/Elections_info/static/central_elections/lok_sabha_2024/Combined_video/10.mp4 (video_id=LisvqodcuHU)
2025-10-06 17:03:58,186 [INFO] social_media_connectors.youtube.playlists - Inserted video LisvqodcuHU into playlist PLxDNB6KvO9IYOZVXL-yguGPypGRcz1gy9 (playlist_item_id=UEx4RE5CNkt2TzlJWU9aVlhMLXlndUdQeXBHUmN6MWd5OS4xM0YyM0RDNDE4REQ1NDA0)
2025-10-06 17:03:58,186 [INFO] social_media_connectors.youtube.upload - Added video LisvqodcuHU to playlist PLxDNB6KvO9IYOZVXL-yguGPypGRcz1gy9 (playlist_item_id=UEx4RE5CNkt2TzlJWU9aVlhMLXlndUdQeXBHUmN6MWd5OS4xM0YyM0RDNDE4REQ1NDA0)
2025-10-06 17:03:58,189 [INFO] social_media_connectors.youtube.upload - Starting upload for /Users/saml16/projects/Elections_info/static/central_elections/lok_sabha_2024/Combined_video/100.mp4
2025-10-06 17:04:00,244 [INFO] social_media_connectors.youtube.upload - Upload complete for /Users/saml16/projects/Elections_info/static/central_elections/lok_sabha_2024/Combined_video/100.mp4 (video_id=X6Az03zgM0Y)
2025-10-06 17:04:00,971 [INFO] social_media_connectors.youtube.playlists - Inserted video X6Az03zgM0Y into playlist PLxDNB6KvO9IYOZVXL-yguGPypGRcz1gy9 (playlist_item_id=UEx4RE5CNkt2TzlJWU9aVlhMLXlndUdQeXBHUmN6MWd5OS42MjYzMTMyQjA0QURCN0JF)
2025-10-06 17:04:00,971 [INFO] social_media_connectors.youtube.upload - Added video X6Az03zgM0Y to playlist PLxDNB6KvO9IYOZVXL-yguGPypGRcz1gy9 (playlist_item_id=UEx4RE5CNkt2TzlJWU9aVlhMLXlndUdQeXBHUmN6MWd5OS42MjYzMTMyQjA0QURCN0JF)
2025-10-06 17:04:00,976 [INFO] social_media_connectors.youtube.upload - Starting upload for /Users/saml16/projects/Elections_info/static/central_elections/lok_sabha_2024/Combined_video/1000.mp4
2025-10-06 17:04:02,806 [INFO] social_media_connectors.youtube.upload - Upload complete for /Users/saml16/projects/Elections_info/static/central_elections/lok_sabha_2024/Combined_video/1000.mp4 (video_id=kQUzP0yTKes)
2025-10-06 17:04:03,214 [INFO] social_media_connectors.youtube.playlists - Inserted video kQUzP0yTKes into playlist PLxDNB6KvO9IYOZVXL-yguGPypGRcz1gy9 (playlist_item_id=UEx4RE5CNkt2TzlJWU9aVlhMLXlndUdQeXBHUmN6MWd5OS40MDNEMzA0QTBFRThFMzBE)
2025-10-06 17:04:03,215 [INFO] social_media_connectors.youtube.upload - Added video kQUzP0yTKes to playlist PLxDNB6KvO9IYOZVXL-yguGPypGRcz1gy9 (playlist_item_id=UEx4RE5CNkt2TzlJWU9aVlhMLXlndUdQeXBHUmN6MWd5OS40MDNEMzA0QTBFRThFMzBE)
2025-10-06 17:04:03,219 [INFO] social_media_connectors.youtube.upload - Starting upload for /Users/saml16/projects/Elections_info/static/central_elections/lok_sabha_2024/Combined_video/1001.mp4
2025-10-06 17:04:04,852 [INFO] social_media_connectors.youtube.upload - Upload complete for /Users/saml16/projects/Elections_info/static/central_elections/lok_sabha_2024/Combined_video/1001.mp4 (video_id=VKIOzgDGbBc)
2025-10-06 17:04:05,333 [INFO] social_media_connectors.youtube.playlists - Inserted video VKIOzgDGbBc into playlist PLxDNB6KvO9IYOZVXL-yguGPypGRcz1gy9 (playlist_item_id=UEx4RE5CNkt2TzlJWU9aVlhMLXlndUdQeXBHUmN6MWd5OS42RTNCOEMxREI3Q0VDMjU2)
2025-10-06 17:04:05,333 [INFO] social_media_connectors.youtube.upload - Added video VKIOzgDGbBc to playlist PLxDNB6KvO9IYOZVXL-yguGPypGRcz1gy9 (playlist_item_id=UEx4RE5CNkt2TzlJWU9aVlhMLXlndUdQeXBHUmN6MWd5OS42RTNCOEMxREI3Q0VDMjU2)
2025-10-06 17:04:05,336 [INFO] social_media_connectors.youtube.upload - Starting upload for /Users/saml16/projects/Elections_info/static/central_elections/lok_sabha_2024/Combined_video/1002.mp4
2025-10-06 17:04:07,516 [INFO] social_media_connectors.youtube.upload - Upload complete for /Users/saml16/projects/Elections_info/static/central_elections/lok_sabha_2024/Combined_video/1002.mp4 (video_id=dWCL-FOIzLs)
2025-10-06 17:04:08,339 [INFO] social_media_connectors.youtube.playlists - Inserted video dWCL-FOIzLs into playlist PLxDNB6KvO9IYOZVXL-yguGPypGRcz1gy9 (playlist_item_id=UEx4RE5CNkt2TzlJWU9aVlhMLXlndUdQeXBHUmN6MWd5OS43QzNCNkZENzIyMDY2MjZB)
2025-10-06 17:04:08,339 [INFO] social_media_connectors.youtube.upload - Added video dWCL-FOIzLs to playlist PLxDNB6KvO9IYOZVXL-yguGPypGRcz1gy9 (playlist_item_id=UEx4RE5CNkt2TzlJWU9aVlhMLXlndUdQeXBHUmN6MWd5OS43QzNCNkZENzIyMDY2MjZB)
2025-10-06 17:04:08,342 [INFO] social_media_connectors.youtube.upload - Starting upload for /Users/saml16/projects/Elections_info/static/central_elections/lok_sabha_2024/Combined_video/1003.mp4
2025-10-06 17:04:09,978 [INFO] social_media_connectors.youtube.upload - Upload complete for /Users/saml16/projects/Elections_info/static/central_elections/lok_sabha_2024/Combined_video/1003.mp4 (video_id=3wlAoWG8bKA)
2025-10-06 17:04:10,691 [INFO] social_media_connectors.youtube.playlists - Inserted video 3wlAoWG8bKA into playlist PLxDNB6KvO9IYOZVXL-yguGPypGRcz1gy9 (playlist_item_id=UEx4RE5CNkt2TzlJWU9aVlhMLXlndUdQeXBHUmN6MWd5OS5EQkE3RTJCQTJEQkFBQTcz)
2025-10-06 17:04:10,691 [INFO] social_media_connectors.youtube.upload - Added video 3wlAoWG8bKA to playlist PLxDNB6KvO9IYOZVXL-yguGPypGRcz1gy9 (playlist_item_id=UEx4RE5CNkt2TzlJWU9aVlhMLXlndUdQeXBHUmN6MWd5OS5EQkE3RTJCQTJEQkFBQTcz)
2025-10-06 17:04:10,695 [INFO] social_media_connectors.youtube.upload - Starting upload for /Users/saml16/projects/Elections_info/static/central_elections/lok_sabha_2024/Combined_video/1004.mp4
2025-10-06 17:04:12,331 [INFO] social_media_connectors.youtube.upload - Upload complete for /Users/saml16/projects/Elections_info/static/central_elections/lok_sabha_2024/Combined_video/1004.mp4 (video_id=14Kaxkjogeo)
2025-10-06 17:04:13,045 [INFO] social_media_connectors.youtube.playlists - Inserted video 14Kaxkjogeo into playlist PLxDNB6KvO9IYOZVXL-yguGPypGRcz1gy9 (playlist_item_id=UEx4RE5CNkt2TzlJWU9aVlhMLXlndUdQeXBHUmN6MWd5OS4yQzk4QTA5QjkzMTFFOEI1)
2025-10-06 17:04:13,046 [INFO] social_media_connectors.youtube.upload - Added video 14Kaxkjogeo to playlist PLxDNB6KvO9IYOZVXL-yguGPypGRcz1gy9 (playlist_item_id=UEx4RE5CNkt2TzlJWU9aVlhMLXlndUdQeXBHUmN6MWd5OS4yQzk4QTA5QjkzMTFFOEI1)
2025-10-06 17:04:13,050 [INFO] social_media_connectors.youtube.upload - Starting upload for /Users/saml16/projects/Elections_info/static/central_elections/lok_sabha_2024/Combined_video/1005.mp4
2025-10-06 17:04:15,092 [INFO] social_media_connectors.youtube.upload - Upload complete for /Users/saml16/projects/Elections_info/static/central_elections/lok_sabha_2024/Combined_video/1005.mp4 (video_id=ZRshgi4dmLg)
2025-10-06 17:04:15,899 [INFO] social_media_connectors.youtube.playlists - Inserted video ZRshgi4dmLg into playlist PLxDNB6KvO9IYOZVXL-yguGPypGRcz1gy9 (playlist_item_id=UEx4RE5CNkt2TzlJWU9aVlhMLXlndUdQeXBHUmN6MWd5OS45NDlDQUFFOThDMTAxQjUw)
2025-10-06 17:04:15,900 [INFO] social_media_connectors.youtube.upload - Added video ZRshgi4dmLg to playlist PLxDNB6KvO9IYOZVXL-yguGPypGRcz1gy9 (playlist_item_id=UEx4RE5CNkt2TzlJWU9aVlhMLXlndUdQeXBHUmN6MWd5OS45NDlDQUFFOThDMTAxQjUw)
2025-10-06 17:04:15,904 [INFO] social_media_connectors.youtube.upload - Starting upload for /Users/saml16/projects/Elections_info/static/central_elections/lok_sabha_2024/Combined_video/1006.mp4
2025-10-06 17:04:17,778 [INFO] social_media_connectors.youtube.upload - Upload complete for /Users/saml16/projects/Elections_info/static/central_elections/lok_sabha_2024/Combined_video/1006.mp4 (video_id=31REM8zV484)
2025-10-06 17:04:18,141 [INFO] social_media_connectors.youtube.playlists - Inserted video 31REM8zV484 into playlist PLxDNB6KvO9IYOZVXL-yguGPypGRcz1gy9 (playlist_item_id=UEx4RE5CNkt2TzlJWU9aVlhMLXlndUdQeXBHUmN6MWd5OS4xN0Y2QjVBOEI2MzQ5OUM5)
2025-10-06 17:04:18,141 [INFO] social_media_connectors.youtube.upload - Added video 31REM8zV484 to playlist PLxDNB6KvO9IYOZVXL-yguGPypGRcz1gy9 (playlist_item_id=UEx4RE5CNkt2TzlJWU9aVlhMLXlndUdQeXBHUmN6MWd5OS4xN0Y2QjVBOEI2MzQ5OUM5)
2025-10-06 17:04:18,144 [INFO] social_media_connectors.youtube.upload - Starting upload for /Users/saml16/projects/Elections_info/static/central_elections/lok_sabha_2024/Combined_video/1007.mp4
2025-10-06 17:04:20,188 [INFO] social_media_connectors.youtube.upload - Upload complete for /Users/saml16/projects/Elections_info/static/central_elections/lok_sabha_2024/Combined_video/1007.mp4 (video_id=hklz1AJdrcM)
2025-10-06 17:04:20,931 [INFO] social_media_connectors.youtube.playlists - Inserted video hklz1AJdrcM into playlist PLxDNB6KvO9IYOZVXL-yguGPypGRcz1gy9 (playlist_item_id=UEx4RE5CNkt2TzlJWU9aVlhMLXlndUdQeXBHUmN6MWd5OS5FQUY2Qzk4RUFDN0ZFRkZF)
2025-10-06 17:04:20,931 [INFO] social_media_connectors.youtube.upload - Added video hklz1AJdrcM to playlist PLxDNB6KvO9IYOZVXL-yguGPypGRcz1gy9 (playlist_item_id=UEx4RE5CNkt2TzlJWU9aVlhMLXlndUdQeXBHUmN6MWd5OS5FQUY2Qzk4RUFDN0ZFRkZF)
2025-10-06 17:04:20,936 [INFO] social_media_connectors.youtube.upload - Starting upload for /Users/saml16/projects/Elections_info/static/central_elections/lok_sabha_2024/Combined_video/1008.mp4
2025-10-06 17:04:22,875 [INFO] social_media_connectors.youtube.upload - Upload complete for /Users/saml16/projects/Elections_info/static/central_elections/lok_sabha_2024/Combined_video/1008.mp4 (video_id=K6icOEjpTtc)
2025-10-06 17:04:23,284 [INFO] social_media_connectors.youtube.playlists - Inserted video K6icOEjpTtc into playlist PLxDNB6KvO9IYOZVXL-yguGPypGRcz1gy9 (playlist_item_id=UEx4RE5CNkt2TzlJWU9aVlhMLXlndUdQeXBHUmN6MWd5OS5CMEVBRUJERkUyNTBENTkz)
2025-10-06 17:04:23,285 [INFO] social_media_connectors.youtube.upload - Added video K6icOEjpTtc to playlist PLxDNB6KvO9IYOZVXL-yguGPypGRcz1gy9 (playlist_item_id=UEx4RE5CNkt2TzlJWU9aVlhMLXlndUdQeXBHUmN6MWd5OS5CMEVBRUJERkUyNTBENTkz)
2025-10-06 17:04:23,288 [INFO] social_media_connectors.youtube.upload - Starting upload for /Users/saml16/projects/Elections_info/static/central_elections/lok_sabha_2024/Combined_video/1009.mp4
2025-10-06 17:04:25,029 [INFO] social_media_connectors.youtube.upload - Upload complete for /Users/saml16/projects/Elections_info/static/central_elections/lok_sabha_2024/Combined_video/1009.mp4 (video_id=Cau0g2WLNTE)
2025-10-06 17:04:25,141 [ERROR] social_media_connectors.youtube.bulk_upload - Failed to process row 14 (1009): <HttpError 403 when requesting https://youtube.googleapis.com/youtube/v3/playlistItems?part=snippet&alt=json returned "The request cannot be completed because you have exceeded your <a href="/youtube/v3/getting-started#quota">quota</a>.". Details: "[{'message': 'The request cannot be completed because you have exceeded your <a href="/youtube/v3/getting-started#quota">quota</a>.', 'domain': 'youtube.quota', 'reason': 'quotaExceeded'}]">
2025-10-06 17:04:25,146 [INFO] social_media_connectors.youtube.upload - Starting upload for /Users/saml16/projects/Elections_info/static/central_elections/lok_sabha_2024/Combined_video/101.mp4
2025-10-06 17:04:25,202 [WARNING] social_media_connectors.youtube.bulk_upload - Quota exhausted while processing row 15; stopping batch
2025-10-06 17:04:25,202 [INFO] social_media_connectors.youtube.bulk_upload - Completed bulk upload: 12 successes, 2 errors
2025-10-06 17:04:25,204 [WARNING] __main__ - Bulk upload completed with 2 errors
2025-10-07 18:15:18,063 [INFO] social_media_connectors.youtube.auth - Loaded cached credentials from /Users/saml16/projects/Elections_info/token.json
2025-10-07 18:15:18,252 [INFO] social_media_connectors.youtube.auth - Refreshed OAuth credentials for /Users/saml16/projects/Elections_info/token.json
2025-10-07 18:15:18,254 [INFO] social_media_connectors.youtube.auth - Persisted credentials to /Users/saml16/projects/Elections_info/token.json
2025-10-07 18:15:18,258 [INFO] social_media_connectors.youtube.client - Created YouTube service for secrets=/Users/saml16/projects/Elections_info/credentials.json token=/Users/saml16/projects/Elections_info/token.json
2025-10-07 18:15:18,258 [INFO] social_media_connectors.youtube.bulk_upload - Starting bulk upload from /Users/saml16/projects/Elections_info/social_media_connectors/youtube/video_manifest.csv
2025-10-07 18:15:18,283 [INFO] social_media_connectors.youtube.upload - Starting upload for /Users/saml16/projects/Elections_info/static/central_elections/lok_sabha_2024/Combined_video/1010.mp4
2025-10-07 18:15:20,257 [INFO] social_media_connectors.youtube.upload - Upload complete for /Users/saml16/projects/Elections_info/static/central_elections/lok_sabha_2024/Combined_video/1010.mp4 (video_id=7f7hD75gFBs)
2025-10-07 18:15:20,680 [INFO] social_media_connectors.youtube.playlists - Inserted video 7f7hD75gFBs into playlist PLxDNB6KvO9IYOZVXL-yguGPypGRcz1gy9 (playlist_item_id=UEx4RE5CNkt2TzlJWU9aVlhMLXlndUdQeXBHUmN6MWd5OS4xNjIyNEE0MDEyRDlCMjBE)
2025-10-07 18:15:20,680 [INFO] social_media_connectors.youtube.upload - Added video 7f7hD75gFBs to playlist PLxDNB6KvO9IYOZVXL-yguGPypGRcz1gy9 (playlist_item_id=UEx4RE5CNkt2TzlJWU9aVlhMLXlndUdQeXBHUmN6MWd5OS4xNjIyNEE0MDEyRDlCMjBE)
2025-10-07 18:15:20,688 [INFO] social_media_connectors.youtube.upload - Starting upload for /Users/saml16/projects/Elections_info/static/central_elections/lok_sabha_2024/Combined_video/1011.mp4
2025-10-07 18:15:22,619 [INFO] social_media_connectors.youtube.upload - Upload complete for /Users/saml16/projects/Elections_info/static/central_elections/lok_sabha_2024/Combined_video/1011.mp4 (video_id=OP-qP18UwZ8)
2025-10-07 18:15:23,440 [INFO] social_media_connectors.youtube.playlists - Inserted video OP-qP18UwZ8 into playlist PLxDNB6KvO9IYOZVXL-yguGPypGRcz1gy9 (playlist_item_id=UEx4RE5CNkt2TzlJWU9aVlhMLXlndUdQeXBHUmN6MWd5OS44QTY2MEEzNzBFQUJCMUQ2)
2025-10-07 18:15:23,441 [INFO] social_media_connectors.youtube.upload - Added video OP-qP18UwZ8 to playlist PLxDNB6KvO9IYOZVXL-yguGPypGRcz1gy9 (playlist_item_id=UEx4RE5CNkt2TzlJWU9aVlhMLXlndUdQeXBHUmN6MWd5OS44QTY2MEEzNzBFQUJCMUQ2)
2025-10-07 18:15:23,460 [INFO] social_media_connectors.youtube.upload - Starting upload for /Users/saml16/projects/Elections_info/static/central_elections/lok_sabha_2024/Combined_video/1012.mp4
2025-10-07 18:15:25,688 [INFO] social_media_connectors.youtube.upload - Upload complete for /Users/saml16/projects/Elections_info/static/central_elections/lok_sabha_2024/Combined_video/1012.mp4 (video_id=v1-Xm8hMhc0)
2025-10-07 18:15:26,511 [INFO] social_media_connectors.youtube.playlists - Inserted video v1-Xm8hMhc0 into playlist PLxDNB6KvO9IYOZVXL-yguGPypGRcz1gy9 (playlist_item_id=UEx4RE5CNkt2TzlJWU9aVlhMLXlndUdQeXBHUmN6MWd5OS4zQTkzRjgxRTY0OEU0MkM3)
2025-10-07 18:15:26,512 [INFO] social_media_connectors.youtube.upload - Added video v1-Xm8hMhc0 to playlist PLxDNB6KvO9IYOZVXL-yguGPypGRcz1gy9 (playlist_item_id=UEx4RE5CNkt2TzlJWU9aVlhMLXlndUdQeXBHUmN6MWd5OS4zQTkzRjgxRTY0OEU0MkM3)
2025-10-07 18:15:26,528 [INFO] social_media_connectors.youtube.upload - Starting upload for /Users/saml16/projects/Elections_info/static/central_elections/lok_sabha_2024/Combined_video/1013.mp4
2025-10-07 18:15:28,680 [INFO] social_media_connectors.youtube.upload - Upload complete for /Users/saml16/projects/Elections_info/static/central_elections/lok_sabha_2024/Combined_video/1013.mp4 (video_id=_5Q8eelxZ_o)
2025-10-07 18:15:29,514 [INFO] social_media_connectors.youtube.playlists - Inserted video _5Q8eelxZ_o into playlist PLxDNB6KvO9IYOZVXL-yguGPypGRcz1gy9 (playlist_item_id=UEx4RE5CNkt2TzlJWU9aVlhMLXlndUdQeXBHUmN6MWd5OS4xNTZBNUQxMDZBQzFGMjkw)
2025-10-07 18:15:29,515 [INFO] social_media_connectors.youtube.upload - Added video _5Q8eelxZ_o to playlist PLxDNB6KvO9IYOZVXL-yguGPypGRcz1gy9 (playlist_item_id=UEx4RE5CNkt2TzlJWU9aVlhMLXlndUdQeXBHUmN6MWd5OS4xNTZBNUQxMDZBQzFGMjkw)
2025-10-07 18:15:29,527 [INFO] social_media_connectors.youtube.upload - Starting upload for /Users/saml16/projects/Elections_info/static/central_elections/lok_sabha_2024/Combined_video/1014.mp4
2025-10-07 18:15:31,429 [INFO] social_media_connectors.youtube.upload - Upload complete for /Users/saml16/projects/Elections_info/static/central_elections/lok_sabha_2024/Combined_video/1014.mp4 (video_id=ZwhFKIXhghc)
2025-10-07 18:15:32,253 [INFO] social_media_connectors.youtube.playlists - Inserted video ZwhFKIXhghc into playlist PLxDNB6KvO9IYOZVXL-yguGPypGRcz1gy9 (playlist_item_id=UEx4RE5CNkt2TzlJWU9aVlhMLXlndUdQeXBHUmN6MWd5OS4wMDFGNzBEOTU4Q0Y1Q0RG)
2025-10-07 18:15:32,254 [INFO] social_media_connectors.youtube.upload - Added video ZwhFKIXhghc to playlist PLxDNB6KvO9IYOZVXL-yguGPypGRcz1gy9 (playlist_item_id=UEx4RE5CNkt2TzlJWU9aVlhMLXlndUdQeXBHUmN6MWd5OS4wMDFGNzBEOTU4Q0Y1Q0RG)
2025-10-07 18:15:32,271 [INFO] social_media_connectors.youtube.upload - Starting upload for /Users/saml16/projects/Elections_info/static/central_elections/lok_sabha_2024/Combined_video/1015.mp4
2025-10-07 18:15:33,987 [INFO] social_media_connectors.youtube.upload - Upload complete for /Users/saml16/projects/Elections_info/static/central_elections/lok_sabha_2024/Combined_video/1015.mp4 (video_id=Jj8UV_mw61g)
2025-10-07 18:15:34,811 [INFO] social_media_connectors.youtube.playlists - Inserted video Jj8UV_mw61g into playlist PLxDNB6KvO9IYOZVXL-yguGPypGRcz1gy9 (playlist_item_id=UEx4RE5CNkt2TzlJWU9aVlhMLXlndUdQeXBHUmN6MWd5OS44QTA1QTQyRTc3M0VGQzYx)
2025-10-07 18:15:34,812 [INFO] social_media_connectors.youtube.upload - Added video Jj8UV_mw61g to playlist PLxDNB6KvO9IYOZVXL-yguGPypGRcz1gy9 (playlist_item_id=UEx4RE5CNkt2TzlJWU9aVlhMLXlndUdQeXBHUmN6MWd5OS44QTA1QTQyRTc3M0VGQzYx)
2025-10-07 18:15:34,829 [INFO] social_media_connectors.youtube.upload - Starting upload for /Users/saml16/projects/Elections_info/static/central_elections/lok_sabha_2024/Combined_video/1016.mp4
2025-10-07 18:15:36,650 [INFO] social_media_connectors.youtube.upload - Upload complete for /Users/saml16/projects/Elections_info/static/central_elections/lok_sabha_2024/Combined_video/1016.mp4 (video_id=hevE_sAvreI)
2025-10-07 18:15:37,468 [INFO] social_media_connectors.youtube.playlists - Inserted video hevE_sAvreI into playlist PLxDNB6KvO9IYOZVXL-yguGPypGRcz1gy9 (playlist_item_id=UEx4RE5CNkt2TzlJWU9aVlhMLXlndUdQeXBHUmN6MWd5OS44MkM2RjVEQkQ5N0I2MjVE)
2025-10-07 18:15:37,469 [INFO] social_media_connectors.youtube.upload - Added video hevE_sAvreI to playlist PLxDNB6KvO9IYOZVXL-yguGPypGRcz1gy9 (playlist_item_id=UEx4RE5CNkt2TzlJWU9aVlhMLXlndUdQeXBHUmN6MWd5OS44MkM2RjVEQkQ5N0I2MjVE)
2025-10-07 18:15:37,485 [INFO] social_media_connectors.youtube.upload - Starting upload for /Users/saml16/projects/Elections_info/static/central_elections/lok_sabha_2024/Combined_video/1017.mp4
2025-10-07 18:15:39,312 [INFO] social_media_connectors.youtube.upload - Upload complete for /Users/saml16/projects/Elections_info/static/central_elections/lok_sabha_2024/Combined_video/1017.mp4 (video_id=qIYZQDmfIQg)
2025-10-07 18:15:40,143 [INFO] social_media_connectors.youtube.playlists - Inserted video qIYZQDmfIQg into playlist PLxDNB6KvO9IYOZVXL-yguGPypGRcz1gy9 (playlist_item_id=UEx4RE5CNkt2TzlJWU9aVlhMLXlndUdQeXBHUmN6MWd5OS40NzE2MTY1QTM3RUI3QkU3)
2025-10-07 18:15:40,143 [INFO] social_media_connectors.youtube.upload - Added video qIYZQDmfIQg to playlist PLxDNB6KvO9IYOZVXL-yguGPypGRcz1gy9 (playlist_item_id=UEx4RE5CNkt2TzlJWU9aVlhMLXlndUdQeXBHUmN6MWd5OS40NzE2MTY1QTM3RUI3QkU3)
2025-10-07 18:15:40,148 [INFO] social_media_connectors.youtube.upload - Starting upload for /Users/saml16/projects/Elections_info/static/central_elections/lok_sabha_2024/Combined_video/1018.mp4
2025-10-07 18:15:41,667 [INFO] social_media_connectors.youtube.upload - Upload complete for /Users/saml16/projects/Elections_info/static/central_elections/lok_sabha_2024/Combined_video/1018.mp4 (video_id=4loHBdkNbQY)
2025-10-07 18:15:42,487 [INFO] social_media_connectors.youtube.playlists - Inserted video 4loHBdkNbQY into playlist PLxDNB6KvO9IYOZVXL-yguGPypGRcz1gy9 (playlist_item_id=UEx4RE5CNkt2TzlJWU9aVlhMLXlndUdQeXBHUmN6MWd5OS5EMzJDRTUwQjBEOUVFQzAw)
2025-10-07 18:15:42,487 [INFO] social_media_connectors.youtube.upload - Added video 4loHBdkNbQY to playlist PLxDNB6KvO9IYOZVXL-yguGPypGRcz1gy9 (playlist_item_id=UEx4RE5CNkt2TzlJWU9aVlhMLXlndUdQeXBHUmN6MWd5OS5EMzJDRTUwQjBEOUVFQzAw)
2025-10-07 18:15:42,502 [INFO] social_media_connectors.youtube.upload - Starting upload for /Users/saml16/projects/Elections_info/static/central_elections/lok_sabha_2024/Combined_video/102.mp4
2025-10-07 18:15:44,949 [INFO] social_media_connectors.youtube.upload - Upload complete for /Users/saml16/projects/Elections_info/static/central_elections/lok_sabha_2024/Combined_video/102.mp4 (video_id=hMYRZzVboRg)
2025-10-07 18:15:45,352 [INFO] social_media_connectors.youtube.playlists - Inserted video hMYRZzVboRg into playlist PLxDNB6KvO9IYOZVXL-yguGPypGRcz1gy9 (playlist_item_id=UEx4RE5CNkt2TzlJWU9aVlhMLXlndUdQeXBHUmN6MWd5OS5CMUM0NzY5NzdEQzlGRjAx)
2025-10-07 18:15:45,352 [INFO] social_media_connectors.youtube.upload - Added video hMYRZzVboRg to playlist PLxDNB6KvO9IYOZVXL-yguGPypGRcz1gy9 (playlist_item_id=UEx4RE5CNkt2TzlJWU9aVlhMLXlndUdQeXBHUmN6MWd5OS5CMUM0NzY5NzdEQzlGRjAx)
2025-10-07 18:15:45,360 [INFO] social_media_connectors.youtube.upload - Starting upload for /Users/saml16/projects/Elections_info/static/central_elections/lok_sabha_2024/Combined_video/1021.mp4
2025-10-07 18:15:46,950 [INFO] social_media_connectors.youtube.upload - Upload complete for /Users/saml16/projects/Elections_info/static/central_elections/lok_sabha_2024/Combined_video/1021.mp4 (video_id=uvY2cvWcyvA)
2025-10-07 18:15:47,403 [INFO] social_media_connectors.youtube.playlists - Inserted video uvY2cvWcyvA into playlist PLxDNB6KvO9IYOZVXL-yguGPypGRcz1gy9 (playlist_item_id=UEx4RE5CNkt2TzlJWU9aVlhMLXlndUdQeXBHUmN6MWd5OS5GMDBDNkJGMzYzREUyMTYw)
2025-10-07 18:15:47,403 [INFO] social_media_connectors.youtube.upload - Added video uvY2cvWcyvA to playlist PLxDNB6KvO9IYOZVXL-yguGPypGRcz1gy9 (playlist_item_id=UEx4RE5CNkt2TzlJWU9aVlhMLXlndUdQeXBHUmN6MWd5OS5GMDBDNkJGMzYzREUyMTYw)
2025-10-07 18:15:47,419 [INFO] social_media_connectors.youtube.upload - Starting upload for /Users/saml16/projects/Elections_info/static/central_elections/lok_sabha_2024/Combined_video/1022.mp4
2025-10-07 18:15:49,552 [INFO] social_media_connectors.youtube.upload - Upload complete for /Users/saml16/projects/Elections_info/static/central_elections/lok_sabha_2024/Combined_video/1022.mp4 (video_id=WCQqSIXJETI)
2025-10-07 18:15:50,268 [INFO] social_media_connectors.youtube.playlists - Inserted video WCQqSIXJETI into playlist PLxDNB6KvO9IYOZVXL-yguGPypGRcz1gy9 (playlist_item_id=UEx4RE5CNkt2TzlJWU9aVlhMLXlndUdQeXBHUmN6MWd5OS4wQUE0QzM4MkJGQ0YwQjUx)
2025-10-07 18:15:50,268 [INFO] social_media_connectors.youtube.upload - Added video WCQqSIXJETI to playlist PLxDNB6KvO9IYOZVXL-yguGPypGRcz1gy9 (playlist_item_id=UEx4RE5CNkt2TzlJWU9aVlhMLXlndUdQeXBHUmN6MWd5OS4wQUE0QzM4MkJGQ0YwQjUx)
2025-10-07 18:15:50,278 [INFO] social_media_connectors.youtube.upload - Starting upload for /Users/saml16/projects/Elections_info/static/central_elections/lok_sabha_2024/Combined_video/1023.mp4
2025-10-07 18:15:52,420 [INFO] social_media_connectors.youtube.upload - Upload complete for /Users/saml16/projects/Elections_info/static/central_elections/lok_sabha_2024/Combined_video/1023.mp4 (video_id=OJMc0UNTVjw)
2025-10-07 18:15:53,852 [ERROR] social_media_connectors.youtube.bulk_upload - Failed to process row 14 (1023): <HttpError 409 when requesting https://youtube.googleapis.com/youtube/v3/playlistItems?part=snippet&alt=json returned "The operation was aborted.". Details: "[{'domain': 'youtube.CoreErrorDomain', 'reason': 'SERVICE_UNAVAILABLE'}]">
2025-10-07 18:15:53,871 [INFO] social_media_connectors.youtube.upload - Starting upload for /Users/saml16/projects/Elections_info/static/central_elections/lok_sabha_2024/Combined_video/1024.mp4
2025-10-07 18:15:55,694 [INFO] social_media_connectors.youtube.upload - Upload complete for /Users/saml16/projects/Elections_info/static/central_elections/lok_sabha_2024/Combined_video/1024.mp4 (video_id=OK3Yzlmx-1E)
2025-10-07 18:15:56,412 [INFO] social_media_connectors.youtube.playlists - Inserted video OK3Yzlmx-1E into playlist PLxDNB6KvO9IYOZVXL-yguGPypGRcz1gy9 (playlist_item_id=UEx4RE5CNkt2TzlJWU9aVlhMLXlndUdQeXBHUmN6MWd5OS5DQjg2RDQyMEVGQkZFOEVF)
2025-10-07 18:15:56,413 [INFO] social_media_connectors.youtube.upload - Added video OK3Yzlmx-1E to playlist PLxDNB6KvO9IYOZVXL-yguGPypGRcz1gy9 (playlist_item_id=UEx4RE5CNkt2TzlJWU9aVlhMLXlndUdQeXBHUmN6MWd5OS5DQjg2RDQyMEVGQkZFOEVF)
2025-10-07 18:15:56,430 [INFO] social_media_connectors.youtube.upload - Starting upload for /Users/saml16/projects/Elections_info/static/central_elections/lok_sabha_2024/Combined_video/1025.mp4
2025-10-07 18:15:58,256 [INFO] social_media_connectors.youtube.upload - Upload complete for /Users/saml16/projects/Elections_info/static/central_elections/lok_sabha_2024/Combined_video/1025.mp4 (video_id=BcYsmdpyJa8)
2025-10-07 18:15:58,972 [INFO] social_media_connectors.youtube.playlists - Inserted video BcYsmdpyJa8 into playlist PLxDNB6KvO9IYOZVXL-yguGPypGRcz1gy9 (playlist_item_id=UEx4RE5CNkt2TzlJWU9aVlhMLXlndUdQeXBHUmN6MWd5OS4yM0EyQ0U1M0I2RkIwNTQ0)
2025-10-07 18:15:58,973 [INFO] social_media_connectors.youtube.upload - Added video BcYsmdpyJa8 to playlist PLxDNB6KvO9IYOZVXL-yguGPypGRcz1gy9 (playlist_item_id=UEx4RE5CNkt2TzlJWU9aVlhMLXlndUdQeXBHUmN6MWd5OS4yM0EyQ0U1M0I2RkIwNTQ0)
2025-10-07 18:15:58,988 [INFO] social_media_connectors.youtube.upload - Starting upload for /Users/saml16/projects/Elections_info/static/central_elections/lok_sabha_2024/Combined_video/1026.mp4
2025-10-07 18:16:00,918 [INFO] social_media_connectors.youtube.upload - Upload complete for /Users/saml16/projects/Elections_info/static/central_elections/lok_sabha_2024/Combined_video/1026.mp4 (video_id=Xvc40YWFCsI)
2025-10-07 18:16:01,737 [INFO] social_media_connectors.youtube.playlists - Inserted video Xvc40YWFCsI into playlist PLxDNB6KvO9IYOZVXL-yguGPypGRcz1gy9 (playlist_item_id=UEx4RE5CNkt2TzlJWU9aVlhMLXlndUdQeXBHUmN6MWd5OS5ERENFNTk4Q0Q2MTZDMTA5)
2025-10-07 18:16:01,738 [INFO] social_media_connectors.youtube.upload - Added video Xvc40YWFCsI to playlist PLxDNB6KvO9IYOZVXL-yguGPypGRcz1gy9 (playlist_item_id=UEx4RE5CNkt2TzlJWU9aVlhMLXlndUdQeXBHUmN6MWd5OS5ERENFNTk4Q0Q2MTZDMTA5)
2025-10-07 18:16:01,755 [INFO] social_media_connectors.youtube.upload - Starting upload for /Users/saml16/projects/Elections_info/static/central_elections/lok_sabha_2024/Combined_video/1027.mp4
2025-10-07 18:16:03,892 [INFO] social_media_connectors.youtube.upload - Upload complete for /Users/saml16/projects/Elections_info/static/central_elections/lok_sabha_2024/Combined_video/1027.mp4 (video_id=qnsfkwrLtzQ)
2025-10-07 18:16:04,707 [INFO] social_media_connectors.youtube.playlists - Inserted video qnsfkwrLtzQ into playlist PLxDNB6KvO9IYOZVXL-yguGPypGRcz1gy9 (playlist_item_id=UEx4RE5CNkt2TzlJWU9aVlhMLXlndUdQeXBHUmN6MWd5OS41RDUzRjJFQ0Y0MUI3NzU1)
2025-10-07 18:16:04,707 [INFO] social_media_connectors.youtube.upload - Added video qnsfkwrLtzQ to playlist PLxDNB6KvO9IYOZVXL-yguGPypGRcz1gy9 (playlist_item_id=UEx4RE5CNkt2TzlJWU9aVlhMLXlndUdQeXBHUmN6MWd5OS41RDUzRjJFQ0Y0MUI3NzU1)
2025-10-07 18:16:04,720 [INFO] social_media_connectors.youtube.upload - Starting upload for /Users/saml16/projects/Elections_info/static/central_elections/lok_sabha_2024/Combined_video/1028.mp4
2025-10-07 18:16:06,345 [INFO] social_media_connectors.youtube.upload - Upload complete for /Users/saml16/projects/Elections_info/static/central_elections/lok_sabha_2024/Combined_video/1028.mp4 (video_id=bqu1GeO8YKY)
2025-10-07 18:16:07,164 [INFO] social_media_connectors.youtube.playlists - Inserted video bqu1GeO8YKY into playlist PLxDNB6KvO9IYOZVXL-yguGPypGRcz1gy9 (playlist_item_id=UEx4RE5CNkt2TzlJWU9aVlhMLXlndUdQeXBHUmN6MWd5OS5FRjdGNDMzN0I2RTI3MDlG)
2025-10-07 18:16:07,165 [INFO] social_media_connectors.youtube.upload - Added video bqu1GeO8YKY to playlist PLxDNB6KvO9IYOZVXL-yguGPypGRcz1gy9 (playlist_item_id=UEx4RE5CNkt2TzlJWU9aVlhMLXlndUdQeXBHUmN6MWd5OS5FRjdGNDMzN0I2RTI3MDlG)
2025-10-07 18:16:07,182 [INFO] social_media_connectors.youtube.upload - Starting upload for /Users/saml16/projects/Elections_info/static/central_elections/lok_sabha_2024/Combined_video/1029.mp4
2025-10-07 18:16:09,110 [INFO] social_media_connectors.youtube.upload - Upload complete for /Users/saml16/projects/Elections_info/static/central_elections/lok_sabha_2024/Combined_video/1029.mp4 (video_id=QmrTooIU_B0)
2025-10-07 18:16:10,342 [ERROR] social_media_connectors.youtube.bulk_upload - Failed to process row 20 (1029): <HttpError 409 when requesting https://youtube.googleapis.com/youtube/v3/playlistItems?part=snippet&alt=json returned "The operation was aborted.". Details: "[{'domain': 'youtube.CoreErrorDomain', 'reason': 'SERVICE_UNAVAILABLE'}]">
2025-10-07 18:16:10,358 [INFO] social_media_connectors.youtube.upload - Starting upload for /Users/saml16/projects/Elections_info/static/central_elections/lok_sabha_2024/Combined_video/103.mp4
2025-10-07 18:16:12,182 [INFO] social_media_connectors.youtube.upload - Upload complete for /Users/saml16/projects/Elections_info/static/central_elections/lok_sabha_2024/Combined_video/103.mp4 (video_id=4whaJ6Iy11o)
2025-10-07 18:16:12,892 [INFO] social_media_connectors.youtube.playlists - Inserted video 4whaJ6Iy11o into playlist PLxDNB6KvO9IYOZVXL-yguGPypGRcz1gy9 (playlist_item_id=UEx4RE5CNkt2TzlJWU9aVlhMLXlndUdQeXBHUmN6MWd5OS41ODIyMTgwQzA4NjJCQkZC)
2025-10-07 18:16:12,893 [INFO] social_media_connectors.youtube.upload - Added video 4whaJ6Iy11o to playlist PLxDNB6KvO9IYOZVXL-yguGPypGRcz1gy9 (playlist_item_id=UEx4RE5CNkt2TzlJWU9aVlhMLXlndUdQeXBHUmN6MWd5OS41ODIyMTgwQzA4NjJCQkZC)
2025-10-07 18:16:12,909 [INFO] social_media_connectors.youtube.upload - Starting upload for /Users/saml16/projects/Elections_info/static/central_elections/lok_sabha_2024/Combined_video/1030.mp4
2025-10-07 18:16:14,773 [INFO] social_media_connectors.youtube.upload - Upload complete for /Users/saml16/projects/Elections_info/static/central_elections/lok_sabha_2024/Combined_video/1030.mp4 (video_id=6TjcsQ_9YeY)
2025-10-07 18:16:15,567 [INFO] social_media_connectors.youtube.playlists - Inserted video 6TjcsQ_9YeY into playlist PLxDNB6KvO9IYOZVXL-yguGPypGRcz1gy9 (playlist_item_id=UEx4RE5CNkt2TzlJWU9aVlhMLXlndUdQeXBHUmN6MWd5OS5CNEYyNTVBNDdGMDI1MDNC)
2025-10-07 18:16:15,567 [INFO] social_media_connectors.youtube.upload - Added video 6TjcsQ_9YeY to playlist PLxDNB6KvO9IYOZVXL-yguGPypGRcz1gy9 (playlist_item_id=UEx4RE5CNkt2TzlJWU9aVlhMLXlndUdQeXBHUmN6MWd5OS5CNEYyNTVBNDdGMDI1MDNC)
2025-10-07 18:16:15,582 [INFO] social_media_connectors.youtube.upload - Starting upload for /Users/saml16/projects/Elections_info/static/central_elections/lok_sabha_2024/Combined_video/1031.mp4
2025-10-07 18:16:17,610 [INFO] social_media_connectors.youtube.upload - Upload complete for /Users/saml16/projects/Elections_info/static/central_elections/lok_sabha_2024/Combined_video/1031.mp4 (video_id=CbePESk0isc)
2025-10-07 18:16:18,324 [INFO] social_media_connectors.youtube.playlists - Inserted video CbePESk0isc into playlist PLxDNB6KvO9IYOZVXL-yguGPypGRcz1gy9 (playlist_item_id=UEx4RE5CNkt2TzlJWU9aVlhMLXlndUdQeXBHUmN6MWd5OS5EMUJFNzRCNDRFQjE5RjM4)
2025-10-07 18:16:18,325 [INFO] social_media_connectors.youtube.upload - Added video CbePESk0isc to playlist PLxDNB6KvO9IYOZVXL-yguGPypGRcz1gy9 (playlist_item_id=UEx4RE5CNkt2TzlJWU9aVlhMLXlndUdQeXBHUmN6MWd5OS5EMUJFNzRCNDRFQjE5RjM4)
2025-10-07 18:16:18,332 [INFO] social_media_connectors.youtube.upload - Starting upload for /Users/saml16/projects/Elections_info/static/central_elections/lok_sabha_2024/Combined_video/1032.mp4
2025-10-07 18:16:19,985 [INFO] social_media_connectors.youtube.upload - Upload complete for /Users/saml16/projects/Elections_info/static/central_elections/lok_sabha_2024/Combined_video/1032.mp4 (video_id=FBpDgYPZQzQ)
2025-10-07 18:16:20,887 [INFO] social_media_connectors.youtube.playlists - Inserted video FBpDgYPZQzQ into playlist PLxDNB6KvO9IYOZVXL-yguGPypGRcz1gy9 (playlist_item_id=UEx4RE5CNkt2TzlJWU9aVlhMLXlndUdQeXBHUmN6MWd5OS44QjNCNkRENjNFQTBEMUND)
2025-10-07 18:16:20,887 [INFO] social_media_connectors.youtube.upload - Added video FBpDgYPZQzQ to playlist PLxDNB6KvO9IYOZVXL-yguGPypGRcz1gy9 (playlist_item_id=UEx4RE5CNkt2TzlJWU9aVlhMLXlndUdQeXBHUmN6MWd5OS44QjNCNkRENjNFQTBEMUND)
2025-10-07 18:16:20,896 [INFO] social_media_connectors.youtube.upload - Starting upload for /Users/saml16/projects/Elections_info/static/central_elections/lok_sabha_2024/Combined_video/1033.mp4
2025-10-07 18:16:22,626 [INFO] social_media_connectors.youtube.upload - Upload complete for /Users/saml16/projects/Elections_info/static/central_elections/lok_sabha_2024/Combined_video/1033.mp4 (video_id=A8peo0OGJ-U)
2025-10-07 18:16:23,446 [INFO] social_media_connectors.youtube.playlists - Inserted video A8peo0OGJ-U into playlist PLxDNB6KvO9IYOZVXL-yguGPypGRcz1gy9 (playlist_item_id=UEx4RE5CNkt2TzlJWU9aVlhMLXlndUdQeXBHUmN6MWd5OS5GNzk2RTlDQTNCQzJCQzJG)
2025-10-07 18:16:23,446 [INFO] social_media_connectors.youtube.upload - Added video A8peo0OGJ-U to playlist PLxDNB6KvO9IYOZVXL-yguGPypGRcz1gy9 (playlist_item_id=UEx4RE5CNkt2TzlJWU9aVlhMLXlndUdQeXBHUmN6MWd5OS5GNzk2RTlDQTNCQzJCQzJG)
2025-10-07 18:16:23,460 [INFO] social_media_connectors.youtube.upload - Starting upload for /Users/saml16/projects/Elections_info/static/central_elections/lok_sabha_2024/Combined_video/1034.mp4
2025-10-07 18:16:25,187 [INFO] social_media_connectors.youtube.upload - Upload complete for /Users/saml16/projects/Elections_info/static/central_elections/lok_sabha_2024/Combined_video/1034.mp4 (video_id=HN78MEvC--E)
2025-10-07 18:16:26,010 [INFO] social_media_connectors.youtube.playlists - Inserted video HN78MEvC--E into playlist PLxDNB6KvO9IYOZVXL-yguGPypGRcz1gy9 (playlist_item_id=UEx4RE5CNkt2TzlJWU9aVlhMLXlndUdQeXBHUmN6MWd5OS43ODA2MDVCQzY5QzZDMjUw)
2025-10-07 18:16:26,010 [INFO] social_media_connectors.youtube.upload - Added video HN78MEvC--E to playlist PLxDNB6KvO9IYOZVXL-yguGPypGRcz1gy9 (playlist_item_id=UEx4RE5CNkt2TzlJWU9aVlhMLXlndUdQeXBHUmN6MWd5OS43ODA2MDVCQzY5QzZDMjUw)
2025-10-07 18:16:26,025 [INFO] social_media_connectors.youtube.upload - Starting upload for /Users/saml16/projects/Elections_info/static/central_elections/lok_sabha_2024/Combined_video/1035.mp4
2025-10-07 18:16:27,952 [INFO] social_media_connectors.youtube.upload - Upload complete for /Users/saml16/projects/Elections_info/static/central_elections/lok_sabha_2024/Combined_video/1035.mp4 (video_id=jYT7Gwce4cQ)
2025-10-07 18:16:28,772 [INFO] social_media_connectors.youtube.playlists - Inserted video jYT7Gwce4cQ into playlist PLxDNB6KvO9IYOZVXL-yguGPypGRcz1gy9 (playlist_item_id=UEx4RE5CNkt2TzlJWU9aVlhMLXlndUdQeXBHUmN6MWd5OS40OTQ5QjlEMDgzN0FBNUIw)
2025-10-07 18:16:28,772 [INFO] social_media_connectors.youtube.upload - Added video jYT7Gwce4cQ to playlist PLxDNB6KvO9IYOZVXL-yguGPypGRcz1gy9 (playlist_item_id=UEx4RE5CNkt2TzlJWU9aVlhMLXlndUdQeXBHUmN6MWd5OS40OTQ5QjlEMDgzN0FBNUIw)
2025-10-07 18:16:28,788 [INFO] social_media_connectors.youtube.upload - Starting upload for /Users/saml16/projects/Elections_info/static/central_elections/lok_sabha_2024/Combined_video/1036.mp4
2025-10-07 18:16:31,227 [INFO] social_media_connectors.youtube.upload - Upload complete for /Users/saml16/projects/Elections_info/static/central_elections/lok_sabha_2024/Combined_video/1036.mp4 (video_id=H4z2zkMMtCg)
2025-10-07 18:16:31,975 [INFO] social_media_connectors.youtube.playlists - Inserted video H4z2zkMMtCg into playlist PLxDNB6KvO9IYOZVXL-yguGPypGRcz1gy9 (playlist_item_id=UEx4RE5CNkt2TzlJWU9aVlhMLXlndUdQeXBHUmN6MWd5OS5CQzUwREI3MzkxQjdBM0E0)
2025-10-07 18:16:31,975 [INFO] social_media_connectors.youtube.upload - Added video H4z2zkMMtCg to playlist PLxDNB6KvO9IYOZVXL-yguGPypGRcz1gy9 (playlist_item_id=UEx4RE5CNkt2TzlJWU9aVlhMLXlndUdQeXBHUmN6MWd5OS5CQzUwREI3MzkxQjdBM0E0)
2025-10-07 18:16:31,991 [INFO] social_media_connectors.youtube.upload - Starting upload for /Users/saml16/projects/Elections_info/static/central_elections/lok_sabha_2024/Combined_video/1037.mp4
2025-10-07 18:16:33,789 [INFO] social_media_connectors.youtube.upload - Upload complete for /Users/saml16/projects/Elections_info/static/central_elections/lok_sabha_2024/Combined_video/1037.mp4 (video_id=JJIblPdwkWE)
2025-10-07 18:16:34,200 [INFO] social_media_connectors.youtube.playlists - Inserted video JJIblPdwkWE into playlist PLxDNB6KvO9IYOZVXL-yguGPypGRcz1gy9 (playlist_item_id=UEx4RE5CNkt2TzlJWU9aVlhMLXlndUdQeXBHUmN6MWd5OS4yOTZGRTNEQ0ZGNUM5RDgw)
2025-10-07 18:16:34,201 [INFO] social_media_connectors.youtube.upload - Added video JJIblPdwkWE to playlist PLxDNB6KvO9IYOZVXL-yguGPypGRcz1gy9 (playlist_item_id=UEx4RE5CNkt2TzlJWU9aVlhMLXlndUdQeXBHUmN6MWd5OS4yOTZGRTNEQ0ZGNUM5RDgw)
2025-10-07 18:16:34,216 [INFO] social_media_connectors.youtube.upload - Starting upload for /Users/saml16/projects/Elections_info/static/central_elections/lok_sabha_2024/Combined_video/1038.mp4
2025-10-07 18:16:36,655 [INFO] social_media_connectors.youtube.upload - Upload complete for /Users/saml16/projects/Elections_info/static/central_elections/lok_sabha_2024/Combined_video/1038.mp4 (video_id=0TYUqHtFU9A)
2025-10-07 18:16:37,065 [INFO] social_media_connectors.youtube.playlists - Inserted video 0TYUqHtFU9A into playlist PLxDNB6KvO9IYOZVXL-yguGPypGRcz1gy9 (playlist_item_id=UEx4RE5CNkt2TzlJWU9aVlhMLXlndUdQeXBHUmN6MWd5OS4zNDIxRUJGQThFRTg1QzAy)
2025-10-07 18:16:37,066 [INFO] social_media_connectors.youtube.upload - Added video 0TYUqHtFU9A to playlist PLxDNB6KvO9IYOZVXL-yguGPypGRcz1gy9 (playlist_item_id=UEx4RE5CNkt2TzlJWU9aVlhMLXlndUdQeXBHUmN6MWd5OS4zNDIxRUJGQThFRTg1QzAy)
2025-10-07 18:16:37,081 [INFO] social_media_connectors.youtube.upload - Starting upload for /Users/saml16/projects/Elections_info/static/central_elections/lok_sabha_2024/Combined_video/1039.mp4
2025-10-07 18:16:39,215 [INFO] social_media_connectors.youtube.upload - Upload complete for /Users/saml16/projects/Elections_info/static/central_elections/lok_sabha_2024/Combined_video/1039.mp4 (video_id=Dlzw5fI_Zl0)
2025-10-07 18:16:39,626 [INFO] social_media_connectors.youtube.playlists - Inserted video Dlzw5fI_Zl0 into playlist PLxDNB6KvO9IYOZVXL-yguGPypGRcz1gy9 (playlist_item_id=UEx4RE5CNkt2TzlJWU9aVlhMLXlndUdQeXBHUmN6MWd5OS4wN0FBRUVFNEVBMTZBQ0Mx)
2025-10-07 18:16:39,627 [INFO] social_media_connectors.youtube.upload - Added video Dlzw5fI_Zl0 to playlist PLxDNB6KvO9IYOZVXL-yguGPypGRcz1gy9 (playlist_item_id=UEx4RE5CNkt2TzlJWU9aVlhMLXlndUdQeXBHUmN6MWd5OS4wN0FBRUVFNEVBMTZBQ0Mx)
2025-10-07 18:16:39,643 [INFO] social_media_connectors.youtube.upload - Starting upload for /Users/saml16/projects/Elections_info/static/central_elections/lok_sabha_2024/Combined_video/104.mp4
2025-10-07 18:16:41,451 [INFO] social_media_connectors.youtube.upload - Upload complete for /Users/saml16/projects/Elections_info/static/central_elections/lok_sabha_2024/Combined_video/104.mp4 (video_id=FOjL09sWR4U)
2025-10-07 18:16:42,287 [INFO] social_media_connectors.youtube.playlists - Inserted video FOjL09sWR4U into playlist PLxDNB6KvO9IYOZVXL-yguGPypGRcz1gy9 (playlist_item_id=UEx4RE5CNkt2TzlJWU9aVlhMLXlndUdQeXBHUmN6MWd5OS5EODgyNjY4MzA3QzY5RTkx)
2025-10-07 18:16:42,287 [INFO] social_media_connectors.youtube.upload - Added video FOjL09sWR4U to playlist PLxDNB6KvO9IYOZVXL-yguGPypGRcz1gy9 (playlist_item_id=UEx4RE5CNkt2TzlJWU9aVlhMLXlndUdQeXBHUmN6MWd5OS5EODgyNjY4MzA3QzY5RTkx)
2025-10-07 18:16:42,297 [INFO] social_media_connectors.youtube.upload - Starting upload for /Users/saml16/projects/Elections_info/static/central_elections/lok_sabha_2024/Combined_video/1040.mp4
2025-10-07 18:16:44,336 [INFO] social_media_connectors.youtube.upload - Upload complete for /Users/saml16/projects/Elections_info/static/central_elections/lok_sabha_2024/Combined_video/1040.mp4 (video_id=NbglaKRu5qo)
2025-10-07 18:16:45,259 [INFO] social_media_connectors.youtube.playlists - Inserted video NbglaKRu5qo into playlist PLxDNB6KvO9IYOZVXL-yguGPypGRcz1gy9 (playlist_item_id=UEx4RE5CNkt2TzlJWU9aVlhMLXlndUdQeXBHUmN6MWd5OS5BNzdEQzY0REQzQTEyN0U3)
2025-10-07 18:16:45,259 [INFO] social_media_connectors.youtube.upload - Added video NbglaKRu5qo to playlist PLxDNB6KvO9IYOZVXL-yguGPypGRcz1gy9 (playlist_item_id=UEx4RE5CNkt2TzlJWU9aVlhMLXlndUdQeXBHUmN6MWd5OS5BNzdEQzY0REQzQTEyN0U3)
2025-10-07 18:16:45,275 [INFO] social_media_connectors.youtube.upload - Starting upload for /Users/saml16/projects/Elections_info/static/central_elections/lok_sabha_2024/Combined_video/1041.mp4
2025-10-07 18:16:47,207 [INFO] social_media_connectors.youtube.upload - Upload complete for /Users/saml16/projects/Elections_info/static/central_elections/lok_sabha_2024/Combined_video/1041.mp4 (video_id=GeB_XCMI4k0)
2025-10-07 18:16:48,022 [INFO] social_media_connectors.youtube.playlists - Inserted video GeB_XCMI4k0 into playlist PLxDNB6KvO9IYOZVXL-yguGPypGRcz1gy9 (playlist_item_id=UEx4RE5CNkt2TzlJWU9aVlhMLXlndUdQeXBHUmN6MWd5OS43RDg3MzJDMTRFMTZFOTAw)
2025-10-07 18:16:48,023 [INFO] social_media_connectors.youtube.upload - Added video GeB_XCMI4k0 to playlist PLxDNB6KvO9IYOZVXL-yguGPypGRcz1gy9 (playlist_item_id=UEx4RE5CNkt2TzlJWU9aVlhMLXlndUdQeXBHUmN6MWd5OS43RDg3MzJDMTRFMTZFOTAw)
2025-10-07 18:16:48,039 [INFO] social_media_connectors.youtube.upload - Starting upload for /Users/saml16/projects/Elections_info/static/central_elections/lok_sabha_2024/Combined_video/1042.mp4
2025-10-07 18:16:49,866 [INFO] social_media_connectors.youtube.upload - Upload complete for /Users/saml16/projects/Elections_info/static/central_elections/lok_sabha_2024/Combined_video/1042.mp4 (video_id=MUMENJzueA0)
2025-10-07 18:16:50,685 [INFO] social_media_connectors.youtube.playlists - Inserted video MUMENJzueA0 into playlist PLxDNB6KvO9IYOZVXL-yguGPypGRcz1gy9 (playlist_item_id=UEx4RE5CNkt2TzlJWU9aVlhMLXlndUdQeXBHUmN6MWd5OS44NjIxNjc5OUQwQkJBODQ5)
2025-10-07 18:16:50,686 [INFO] social_media_connectors.youtube.upload - Added video MUMENJzueA0 to playlist PLxDNB6KvO9IYOZVXL-yguGPypGRcz1gy9 (playlist_item_id=UEx4RE5CNkt2TzlJWU9aVlhMLXlndUdQeXBHUmN6MWd5OS44NjIxNjc5OUQwQkJBODQ5)
2025-10-07 18:16:50,699 [INFO] social_media_connectors.youtube.upload - Starting upload for /Users/saml16/projects/Elections_info/static/central_elections/lok_sabha_2024/Combined_video/1043.mp4
2025-10-07 18:16:53,040 [INFO] social_media_connectors.youtube.upload - Upload complete for /Users/saml16/projects/Elections_info/static/central_elections/lok_sabha_2024/Combined_video/1043.mp4 (video_id=gS80ANQl0Lw)
2025-10-07 18:16:53,859 [INFO] social_media_connectors.youtube.playlists - Inserted video gS80ANQl0Lw into playlist PLxDNB6KvO9IYOZVXL-yguGPypGRcz1gy9 (playlist_item_id=UEx4RE5CNkt2TzlJWU9aVlhMLXlndUdQeXBHUmN6MWd5OS4wRkVBNUY4OTkzN0JCNTA2)
2025-10-07 18:16:53,860 [INFO] social_media_connectors.youtube.upload - Added video gS80ANQl0Lw to playlist PLxDNB6KvO9IYOZVXL-yguGPypGRcz1gy9 (playlist_item_id=UEx4RE5CNkt2TzlJWU9aVlhMLXlndUdQeXBHUmN6MWd5OS4wRkVBNUY4OTkzN0JCNTA2)
2025-10-07 18:16:53,876 [INFO] social_media_connectors.youtube.upload - Starting upload for /Users/saml16/projects/Elections_info/static/central_elections/lok_sabha_2024/Combined_video/1044.mp4
2025-10-07 18:16:55,500 [INFO] social_media_connectors.youtube.upload - Upload complete for /Users/saml16/projects/Elections_info/static/central_elections/lok_sabha_2024/Combined_video/1044.mp4 (video_id=KfTmdcpNMtA)
2025-10-07 18:16:56,321 [INFO] social_media_connectors.youtube.playlists - Inserted video KfTmdcpNMtA into playlist PLxDNB6KvO9IYOZVXL-yguGPypGRcz1gy9 (playlist_item_id=UEx4RE5CNkt2TzlJWU9aVlhMLXlndUdQeXBHUmN6MWd5OS43NjE5NDdDRTdENjQ3RTkw)
2025-10-07 18:16:56,322 [INFO] social_media_connectors.youtube.upload - Added video KfTmdcpNMtA to playlist PLxDNB6KvO9IYOZVXL-yguGPypGRcz1gy9 (playlist_item_id=UEx4RE5CNkt2TzlJWU9aVlhMLXlndUdQeXBHUmN6MWd5OS43NjE5NDdDRTdENjQ3RTkw)
2025-10-07 18:16:56,338 [INFO] social_media_connectors.youtube.upload - Starting upload for /Users/saml16/projects/Elections_info/static/central_elections/lok_sabha_2024/Combined_video/1046.mp4
2025-10-07 18:16:58,262 [INFO] social_media_connectors.youtube.upload - Upload complete for /Users/saml16/projects/Elections_info/static/central_elections/lok_sabha_2024/Combined_video/1046.mp4 (video_id=qEsH0KAaeEg)
2025-10-07 18:16:59,081 [INFO] social_media_connectors.youtube.playlists - Inserted video qEsH0KAaeEg into playlist PLxDNB6KvO9IYOZVXL-yguGPypGRcz1gy9 (playlist_item_id=UEx4RE5CNkt2TzlJWU9aVlhMLXlndUdQeXBHUmN6MWd5OS5ENEEyOTIwNkY4NzFGMkQ2)
2025-10-07 18:16:59,082 [INFO] social_media_connectors.youtube.upload - Added video qEsH0KAaeEg to playlist PLxDNB6KvO9IYOZVXL-yguGPypGRcz1gy9 (playlist_item_id=UEx4RE5CNkt2TzlJWU9aVlhMLXlndUdQeXBHUmN6MWd5OS5ENEEyOTIwNkY4NzFGMkQ2)
2025-10-07 18:16:59,097 [INFO] social_media_connectors.youtube.upload - Starting upload for /Users/saml16/projects/Elections_info/static/central_elections/lok_sabha_2024/Combined_video/1047.mp4
2025-10-07 18:17:00,743 [INFO] social_media_connectors.youtube.upload - Upload complete for /Users/saml16/projects/Elections_info/static/central_elections/lok_sabha_2024/Combined_video/1047.mp4 (video_id=LW1h78vSi58)
2025-10-07 18:17:01,743 [ERROR] social_media_connectors.youtube.bulk_upload - Failed to process row 39 (1047): <HttpError 409 when requesting https://youtube.googleapis.com/youtube/v3/playlistItems?part=snippet&alt=json returned "The operation was aborted.". Details: "[{'domain': 'youtube.CoreErrorDomain', 'reason': 'SERVICE_UNAVAILABLE'}]">
2025-10-07 18:17:01,749 [INFO] social_media_connectors.youtube.upload - Starting upload for /Users/saml16/projects/Elections_info/static/central_elections/lok_sabha_2024/Combined_video/1048.mp4
2025-10-07 18:17:04,202 [INFO] social_media_connectors.youtube.upload - Upload complete for /Users/saml16/projects/Elections_info/static/central_elections/lok_sabha_2024/Combined_video/1048.mp4 (video_id=WFMVPHI2-Hk)
2025-10-07 18:17:04,920 [INFO] social_media_connectors.youtube.playlists - Inserted video WFMVPHI2-Hk into playlist PLxDNB6KvO9IYOZVXL-yguGPypGRcz1gy9 (playlist_item_id=UEx4RE5CNkt2TzlJWU9aVlhMLXlndUdQeXBHUmN6MWd5OS42NEZDNTU0RTRENDUzRjMz)
2025-10-07 18:17:04,921 [INFO] social_media_connectors.youtube.upload - Added video WFMVPHI2-Hk to playlist PLxDNB6KvO9IYOZVXL-yguGPypGRcz1gy9 (playlist_item_id=UEx4RE5CNkt2TzlJWU9aVlhMLXlndUdQeXBHUmN6MWd5OS42NEZDNTU0RTRENDUzRjMz)
2025-10-07 18:17:04,935 [INFO] social_media_connectors.youtube.upload - Starting upload for /Users/saml16/projects/Elections_info/static/central_elections/lok_sabha_2024/Combined_video/1049.mp4
2025-10-07 18:17:06,864 [INFO] social_media_connectors.youtube.upload - Upload complete for /Users/saml16/projects/Elections_info/static/central_elections/lok_sabha_2024/Combined_video/1049.mp4 (video_id=9FnZaUB5EEY)
2025-10-07 18:17:07,786 [ERROR] social_media_connectors.youtube.bulk_upload - Failed to process row 41 (1049): <HttpError 409 when requesting https://youtube.googleapis.com/youtube/v3/playlistItems?part=snippet&alt=json returned "The operation was aborted.". Details: "[{'domain': 'youtube.CoreErrorDomain', 'reason': 'SERVICE_UNAVAILABLE'}]">
2025-10-07 18:17:07,806 [INFO] social_media_connectors.youtube.upload - Starting upload for /Users/saml16/projects/Elections_info/static/central_elections/lok_sabha_2024/Combined_video/105.mp4
2025-10-07 18:17:09,629 [INFO] social_media_connectors.youtube.upload - Upload complete for /Users/saml16/projects/Elections_info/static/central_elections/lok_sabha_2024/Combined_video/105.mp4 (video_id=cfMpq1tMOOA)
2025-10-07 18:17:10,449 [INFO] social_media_connectors.youtube.playlists - Inserted video cfMpq1tMOOA into playlist PLxDNB6KvO9IYOZVXL-yguGPypGRcz1gy9 (playlist_item_id=UEx4RE5CNkt2TzlJWU9aVlhMLXlndUdQeXBHUmN6MWd5OS5BRDg1NUY1OTY2QzgzOEM0)
2025-10-07 18:17:10,450 [INFO] social_media_connectors.youtube.upload - Added video cfMpq1tMOOA to playlist PLxDNB6KvO9IYOZVXL-yguGPypGRcz1gy9 (playlist_item_id=UEx4RE5CNkt2TzlJWU9aVlhMLXlndUdQeXBHUmN6MWd5OS5BRDg1NUY1OTY2QzgzOEM0)
2025-10-07 18:17:10,469 [INFO] social_media_connectors.youtube.upload - Starting upload for /Users/saml16/projects/Elections_info/static/central_elections/lok_sabha_2024/Combined_video/1050.mp4
2025-10-07 18:17:12,394 [INFO] social_media_connectors.youtube.upload - Upload complete for /Users/saml16/projects/Elections_info/static/central_elections/lok_sabha_2024/Combined_video/1050.mp4 (video_id=WK91zMFKvSY)
2025-10-07 18:17:13,009 [ERROR] social_media_connectors.youtube.bulk_upload - Failed to process row 43 (1050): <HttpError 409 when requesting https://youtube.googleapis.com/youtube/v3/playlistItems?part=snippet&alt=json returned "The operation was aborted.". Details: "[{'domain': 'youtube.CoreErrorDomain', 'reason': 'SERVICE_UNAVAILABLE'}]">
2025-10-07 18:17:13,022 [INFO] social_media_connectors.youtube.upload - Starting upload for /Users/saml16/projects/Elections_info/static/central_elections/lok_sabha_2024/Combined_video/1051.mp4
2025-10-07 18:17:14,856 [INFO] social_media_connectors.youtube.upload - Upload complete for /Users/saml16/projects/Elections_info/static/central_elections/lok_sabha_2024/Combined_video/1051.mp4 (video_id=hHg2jXgf1GU)
2025-10-07 18:17:15,261 [INFO] social_media_connectors.youtube.playlists - Inserted video hHg2jXgf1GU into playlist PLxDNB6KvO9IYOZVXL-yguGPypGRcz1gy9 (playlist_item_id=UEx4RE5CNkt2TzlJWU9aVlhMLXlndUdQeXBHUmN6MWd5OS5ERkRDQjY0N0Y0Q0VFOTdC)
2025-10-07 18:17:15,262 [INFO] social_media_connectors.youtube.upload - Added video hHg2jXgf1GU to playlist PLxDNB6KvO9IYOZVXL-yguGPypGRcz1gy9 (playlist_item_id=UEx4RE5CNkt2TzlJWU9aVlhMLXlndUdQeXBHUmN6MWd5OS5ERkRDQjY0N0Y0Q0VFOTdC)
2025-10-07 18:17:15,277 [INFO] social_media_connectors.youtube.upload - Starting upload for /Users/saml16/projects/Elections_info/static/central_elections/lok_sabha_2024/Combined_video/1052.mp4
2025-10-07 18:17:17,324 [INFO] social_media_connectors.youtube.upload - Upload complete for /Users/saml16/projects/Elections_info/static/central_elections/lok_sabha_2024/Combined_video/1052.mp4 (video_id=zOXhjxr1heg)
2025-10-07 18:17:18,234 [INFO] social_media_connectors.youtube.playlists - Inserted video zOXhjxr1heg into playlist PLxDNB6KvO9IYOZVXL-yguGPypGRcz1gy9 (playlist_item_id=UEx4RE5CNkt2TzlJWU9aVlhMLXlndUdQeXBHUmN6MWd5OS4wMDkwRkI3NzExODA2MTFG)
2025-10-07 18:17:18,235 [INFO] social_media_connectors.youtube.upload - Added video zOXhjxr1heg to playlist PLxDNB6KvO9IYOZVXL-yguGPypGRcz1gy9 (playlist_item_id=UEx4RE5CNkt2TzlJWU9aVlhMLXlndUdQeXBHUmN6MWd5OS4wMDkwRkI3NzExODA2MTFG)
2025-10-07 18:17:18,251 [INFO] social_media_connectors.youtube.upload - Starting upload for /Users/saml16/projects/Elections_info/static/central_elections/lok_sabha_2024/Combined_video/1053.mp4
2025-10-07 18:17:19,768 [INFO] social_media_connectors.youtube.upload - Upload complete for /Users/saml16/projects/Elections_info/static/central_elections/lok_sabha_2024/Combined_video/1053.mp4 (video_id=9zME7uzyN7U)
2025-10-07 18:17:20,586 [INFO] social_media_connectors.youtube.playlists - Inserted video 9zME7uzyN7U into playlist PLxDNB6KvO9IYOZVXL-yguGPypGRcz1gy9 (playlist_item_id=UEx4RE5CNkt2TzlJWU9aVlhMLXlndUdQeXBHUmN6MWd5OS4xRDJGOTc4RkUxMzUwMUFG)
2025-10-07 18:17:20,587 [INFO] social_media_connectors.youtube.upload - Added video 9zME7uzyN7U to playlist PLxDNB6KvO9IYOZVXL-yguGPypGRcz1gy9 (playlist_item_id=UEx4RE5CNkt2TzlJWU9aVlhMLXlndUdQeXBHUmN6MWd5OS4xRDJGOTc4RkUxMzUwMUFG)
2025-10-07 18:17:20,603 [INFO] social_media_connectors.youtube.upload - Starting upload for /Users/saml16/projects/Elections_info/static/central_elections/lok_sabha_2024/Combined_video/1054.mp4
2025-10-07 18:17:22,840 [INFO] social_media_connectors.youtube.upload - Upload complete for /Users/saml16/projects/Elections_info/static/central_elections/lok_sabha_2024/Combined_video/1054.mp4 (video_id=H22AnuZL86M)
2025-10-07 18:17:23,661 [INFO] social_media_connectors.youtube.playlists - Inserted video H22AnuZL86M into playlist PLxDNB6KvO9IYOZVXL-yguGPypGRcz1gy9 (playlist_item_id=UEx4RE5CNkt2TzlJWU9aVlhMLXlndUdQeXBHUmN6MWd5OS4wQTI4OEZFRUE0Q0Q3ODQw)
2025-10-07 18:17:23,661 [INFO] social_media_connectors.youtube.upload - Added video H22AnuZL86M to playlist PLxDNB6KvO9IYOZVXL-yguGPypGRcz1gy9 (playlist_item_id=UEx4RE5CNkt2TzlJWU9aVlhMLXlndUdQeXBHUmN6MWd5OS4wQTI4OEZFRUE0Q0Q3ODQw)
2025-10-07 18:17:23,676 [INFO] social_media_connectors.youtube.upload - Starting upload for /Users/saml16/projects/Elections_info/static/central_elections/lok_sabha_2024/Combined_video/1055.mp4
2025-10-07 18:17:25,707 [INFO] social_media_connectors.youtube.upload - Upload complete for /Users/saml16/projects/Elections_info/static/central_elections/lok_sabha_2024/Combined_video/1055.mp4 (video_id=2y6WDXPHtO4)
2025-10-07 18:17:26,525 [INFO] social_media_connectors.youtube.playlists - Inserted video 2y6WDXPHtO4 into playlist PLxDNB6KvO9IYOZVXL-yguGPypGRcz1gy9 (playlist_item_id=UEx4RE5CNkt2TzlJWU9aVlhMLXlndUdQeXBHUmN6MWd5OS41NUMwNTVERDNBRDc4REM0)
2025-10-07 18:17:26,525 [INFO] social_media_connectors.youtube.upload - Added video 2y6WDXPHtO4 to playlist PLxDNB6KvO9IYOZVXL-yguGPypGRcz1gy9 (playlist_item_id=UEx4RE5CNkt2TzlJWU9aVlhMLXlndUdQeXBHUmN6MWd5OS41NUMwNTVERDNBRDc4REM0)
2025-10-07 18:17:26,544 [INFO] social_media_connectors.youtube.upload - Starting upload for /Users/saml16/projects/Elections_info/static/central_elections/lok_sabha_2024/Combined_video/1057.mp4
2025-10-07 18:17:28,164 [INFO] social_media_connectors.youtube.upload - Upload complete for /Users/saml16/projects/Elections_info/static/central_elections/lok_sabha_2024/Combined_video/1057.mp4 (video_id=hQCN6eR3WSI)
2025-10-07 18:17:28,983 [INFO] social_media_connectors.youtube.playlists - Inserted video hQCN6eR3WSI into playlist PLxDNB6KvO9IYOZVXL-yguGPypGRcz1gy9 (playlist_item_id=UEx4RE5CNkt2TzlJWU9aVlhMLXlndUdQeXBHUmN6MWd5OS5BRUVCN0E0MzEwQzAwNjMy)
2025-10-07 18:17:28,984 [INFO] social_media_connectors.youtube.upload - Added video hQCN6eR3WSI to playlist PLxDNB6KvO9IYOZVXL-yguGPypGRcz1gy9 (playlist_item_id=UEx4RE5CNkt2TzlJWU9aVlhMLXlndUdQeXBHUmN6MWd5OS5BRUVCN0E0MzEwQzAwNjMy)
2025-10-07 18:17:28,999 [INFO] social_media_connectors.youtube.upload - Starting upload for /Users/saml16/projects/Elections_info/static/central_elections/lok_sabha_2024/Combined_video/1058.mp4
2025-10-07 18:17:30,622 [INFO] social_media_connectors.youtube.upload - Upload complete for /Users/saml16/projects/Elections_info/static/central_elections/lok_sabha_2024/Combined_video/1058.mp4 (video_id=PTguWtErjKs)
2025-10-07 18:17:31,441 [INFO] social_media_connectors.youtube.playlists - Inserted video PTguWtErjKs into playlist PLxDNB6KvO9IYOZVXL-yguGPypGRcz1gy9 (playlist_item_id=UEx4RE5CNkt2TzlJWU9aVlhMLXlndUdQeXBHUmN6MWd5OS5EODkyNDMzRkJBNkQ2NkMz)
2025-10-07 18:17:31,441 [INFO] social_media_connectors.youtube.upload - Added video PTguWtErjKs to playlist PLxDNB6KvO9IYOZVXL-yguGPypGRcz1gy9 (playlist_item_id=UEx4RE5CNkt2TzlJWU9aVlhMLXlndUdQeXBHUmN6MWd5OS5EODkyNDMzRkJBNkQ2NkMz)
2025-10-07 18:17:31,455 [INFO] social_media_connectors.youtube.upload - Starting upload for /Users/saml16/projects/Elections_info/static/central_elections/lok_sabha_2024/Combined_video/1059.mp4
2025-10-07 18:17:33,383 [INFO] social_media_connectors.youtube.upload - Upload complete for /Users/saml16/projects/Elections_info/static/central_elections/lok_sabha_2024/Combined_video/1059.mp4 (video_id=QN9VdidzydI)
2025-10-07 18:17:34,159 [INFO] social_media_connectors.youtube.playlists - Inserted video QN9VdidzydI into playlist PLxDNB6KvO9IYOZVXL-yguGPypGRcz1gy9 (playlist_item_id=UEx4RE5CNkt2TzlJWU9aVlhMLXlndUdQeXBHUmN6MWd5OS41MzJFNEYxODEyNzA0QUUx)
2025-10-07 18:17:34,159 [INFO] social_media_connectors.youtube.upload - Added video QN9VdidzydI to playlist PLxDNB6KvO9IYOZVXL-yguGPypGRcz1gy9 (playlist_item_id=UEx4RE5CNkt2TzlJWU9aVlhMLXlndUdQeXBHUmN6MWd5OS41MzJFNEYxODEyNzA0QUUx)
2025-10-07 18:17:34,175 [INFO] social_media_connectors.youtube.upload - Starting upload for /Users/saml16/projects/Elections_info/static/central_elections/lok_sabha_2024/Combined_video/106.mp4
2025-10-07 18:17:36,355 [INFO] social_media_connectors.youtube.upload - Upload complete for /Users/saml16/projects/Elections_info/static/central_elections/lok_sabha_2024/Combined_video/106.mp4 (video_id=8SthbwiXLGc)
2025-10-07 18:17:37,179 [INFO] social_media_connectors.youtube.playlists - Inserted video 8SthbwiXLGc into playlist PLxDNB6KvO9IYOZVXL-yguGPypGRcz1gy9 (playlist_item_id=UEx4RE5CNkt2TzlJWU9aVlhMLXlndUdQeXBHUmN6MWd5OS5ENjg3MEUyQ0IzODMzQThB)
2025-10-07 18:17:37,180 [INFO] social_media_connectors.youtube.upload - Added video 8SthbwiXLGc to playlist PLxDNB6KvO9IYOZVXL-yguGPypGRcz1gy9 (playlist_item_id=UEx4RE5CNkt2TzlJWU9aVlhMLXlndUdQeXBHUmN6MWd5OS5ENjg3MEUyQ0IzODMzQThB)
2025-10-07 18:17:37,197 [INFO] social_media_connectors.youtube.upload - Starting upload for /Users/saml16/projects/Elections_info/static/central_elections/lok_sabha_2024/Combined_video/1060.mp4
2025-10-07 18:17:39,532 [INFO] social_media_connectors.youtube.upload - Upload complete for /Users/saml16/projects/Elections_info/static/central_elections/lok_sabha_2024/Combined_video/1060.mp4 (video_id=6fZVTwMDI38)
2025-10-07 18:17:40,349 [INFO] social_media_connectors.youtube.playlists - Inserted video 6fZVTwMDI38 into playlist PLxDNB6KvO9IYOZVXL-yguGPypGRcz1gy9 (playlist_item_id=UEx4RE5CNkt2TzlJWU9aVlhMLXlndUdQeXBHUmN6MWd5OS45MEI3NjgzMTVFQkZGODYx)
2025-10-07 18:17:40,349 [INFO] social_media_connectors.youtube.upload - Added video 6fZVTwMDI38 to playlist PLxDNB6KvO9IYOZVXL-yguGPypGRcz1gy9 (playlist_item_id=UEx4RE5CNkt2TzlJWU9aVlhMLXlndUdQeXBHUmN6MWd5OS45MEI3NjgzMTVFQkZGODYx)
2025-10-07 18:17:40,363 [INFO] social_media_connectors.youtube.upload - Starting upload for /Users/saml16/projects/Elections_info/static/central_elections/lok_sabha_2024/Combined_video/1061.mp4
2025-10-07 18:17:42,193 [INFO] social_media_connectors.youtube.upload - Upload complete for /Users/saml16/projects/Elections_info/static/central_elections/lok_sabha_2024/Combined_video/1061.mp4 (video_id=NyHR-6fu3tw)
2025-10-07 18:17:42,908 [INFO] social_media_connectors.youtube.playlists - Inserted video NyHR-6fu3tw into playlist PLxDNB6KvO9IYOZVXL-yguGPypGRcz1gy9 (playlist_item_id=UEx4RE5CNkt2TzlJWU9aVlhMLXlndUdQeXBHUmN6MWd5OS4zNEMzQ0FDREY1MkE1RkQ1)
2025-10-07 18:17:42,908 [INFO] social_media_connectors.youtube.upload - Added video NyHR-6fu3tw to playlist PLxDNB6KvO9IYOZVXL-yguGPypGRcz1gy9 (playlist_item_id=UEx4RE5CNkt2TzlJWU9aVlhMLXlndUdQeXBHUmN6MWd5OS4zNEMzQ0FDREY1MkE1RkQ1)
2025-10-07 18:17:42,916 [INFO] social_media_connectors.youtube.upload - Starting upload for /Users/saml16/projects/Elections_info/static/central_elections/lok_sabha_2024/Combined_video/1062.mp4
2025-10-07 18:17:44,548 [INFO] social_media_connectors.youtube.upload - Upload complete for /Users/saml16/projects/Elections_info/static/central_elections/lok_sabha_2024/Combined_video/1062.mp4 (video_id=4Vl4B3Eggrw)
2025-10-07 18:17:45,367 [INFO] social_media_connectors.youtube.playlists - Inserted video 4Vl4B3Eggrw into playlist PLxDNB6KvO9IYOZVXL-yguGPypGRcz1gy9 (playlist_item_id=UEx4RE5CNkt2TzlJWU9aVlhMLXlndUdQeXBHUmN6MWd5OS5BQzRBQzNEOTgzNTU2QkZB)
2025-10-07 18:17:45,367 [INFO] social_media_connectors.youtube.upload - Added video 4Vl4B3Eggrw to playlist PLxDNB6KvO9IYOZVXL-yguGPypGRcz1gy9 (playlist_item_id=UEx4RE5CNkt2TzlJWU9aVlhMLXlndUdQeXBHUmN6MWd5OS5BQzRBQzNEOTgzNTU2QkZB)
2025-10-07 18:17:45,382 [INFO] social_media_connectors.youtube.upload - Starting upload for /Users/saml16/projects/Elections_info/static/central_elections/lok_sabha_2024/Combined_video/1063.mp4
2025-10-07 18:17:47,211 [INFO] social_media_connectors.youtube.upload - Upload complete for /Users/saml16/projects/Elections_info/static/central_elections/lok_sabha_2024/Combined_video/1063.mp4 (video_id=WO2x4GOJ05w)
2025-10-07 18:17:47,908 [INFO] social_media_connectors.youtube.playlists - Inserted video WO2x4GOJ05w into playlist PLxDNB6KvO9IYOZVXL-yguGPypGRcz1gy9 (playlist_item_id=UEx4RE5CNkt2TzlJWU9aVlhMLXlndUdQeXBHUmN6MWd5OS5EN0U0NTk3NzIwMjUxN0M3)
2025-10-07 18:17:47,908 [INFO] social_media_connectors.youtube.upload - Added video WO2x4GOJ05w to playlist PLxDNB6KvO9IYOZVXL-yguGPypGRcz1gy9 (playlist_item_id=UEx4RE5CNkt2TzlJWU9aVlhMLXlndUdQeXBHUmN6MWd5OS5EN0U0NTk3NzIwMjUxN0M3)
2025-10-07 18:17:47,913 [INFO] social_media_connectors.youtube.upload - Starting upload for /Users/saml16/projects/Elections_info/static/central_elections/lok_sabha_2024/Combined_video/1064.mp4
2025-10-07 18:17:50,283 [INFO] social_media_connectors.youtube.upload - Upload complete for /Users/saml16/projects/Elections_info/static/central_elections/lok_sabha_2024/Combined_video/1064.mp4 (video_id=mzWENPu9Yz8)
2025-10-07 18:17:51,029 [INFO] social_media_connectors.youtube.playlists - Inserted video mzWENPu9Yz8 into playlist PLxDNB6KvO9IYOZVXL-yguGPypGRcz1gy9 (playlist_item_id=UEx4RE5CNkt2TzlJWU9aVlhMLXlndUdQeXBHUmN6MWd5OS44M0Q5MzQ0QTcwQzFDMjc5)
2025-10-07 18:17:51,029 [INFO] social_media_connectors.youtube.upload - Added video mzWENPu9Yz8 to playlist PLxDNB6KvO9IYOZVXL-yguGPypGRcz1gy9 (playlist_item_id=UEx4RE5CNkt2TzlJWU9aVlhMLXlndUdQeXBHUmN6MWd5OS44M0Q5MzQ0QTcwQzFDMjc5)
2025-10-07 18:17:51,044 [INFO] social_media_connectors.youtube.upload - Starting upload for /Users/saml16/projects/Elections_info/static/central_elections/lok_sabha_2024/Combined_video/1065.mp4
2025-10-07 18:17:53,764 [INFO] social_media_connectors.youtube.upload - Upload complete for /Users/saml16/projects/Elections_info/static/central_elections/lok_sabha_2024/Combined_video/1065.mp4 (video_id=2f3Jm6O98tg)
2025-10-07 18:17:54,993 [ERROR] social_media_connectors.youtube.bulk_upload - Failed to process row 58 (1065): <HttpError 409 when requesting https://youtube.googleapis.com/youtube/v3/playlistItems?part=snippet&alt=json returned "The operation was aborted.". Details: "[{'domain': 'youtube.CoreErrorDomain', 'reason': 'SERVICE_UNAVAILABLE'}]">
2025-10-07 18:17:55,009 [INFO] social_media_connectors.youtube.upload - Starting upload for /Users/saml16/projects/Elections_info/static/central_elections/lok_sabha_2024/Combined_video/1066.mp4
2025-10-07 18:17:56,428 [INFO] social_media_connectors.youtube.upload - Upload complete for /Users/saml16/projects/Elections_info/static/central_elections/lok_sabha_2024/Combined_video/1066.mp4 (video_id=1nSOHSUJ-h8)
2025-10-07 18:17:56,754 [INFO] social_media_connectors.youtube.playlists - Inserted video 1nSOHSUJ-h8 into playlist PLxDNB6KvO9IYOZVXL-yguGPypGRcz1gy9 (playlist_item_id=UEx4RE5CNkt2TzlJWU9aVlhMLXlndUdQeXBHUmN6MWd5OS4wMEMyQTBBOTUwNTM0OUFG)
2025-10-07 18:17:56,755 [INFO] social_media_connectors.youtube.upload - Added video 1nSOHSUJ-h8 to playlist PLxDNB6KvO9IYOZVXL-yguGPypGRcz1gy9 (playlist_item_id=UEx4RE5CNkt2TzlJWU9aVlhMLXlndUdQeXBHUmN6MWd5OS4wMEMyQTBBOTUwNTM0OUFG)
2025-10-07 18:17:56,763 [INFO] social_media_connectors.youtube.upload - Starting upload for /Users/saml16/projects/Elections_info/static/central_elections/lok_sabha_2024/Combined_video/1067.mp4
2025-10-07 18:17:58,679 [INFO] social_media_connectors.youtube.upload - Upload complete for /Users/saml16/projects/Elections_info/static/central_elections/lok_sabha_2024/Combined_video/1067.mp4 (video_id=lG7mPG4Pqzs)
2025-10-07 18:17:59,089 [INFO] social_media_connectors.youtube.playlists - Inserted video lG7mPG4Pqzs into playlist PLxDNB6KvO9IYOZVXL-yguGPypGRcz1gy9 (playlist_item_id=UEx4RE5CNkt2TzlJWU9aVlhMLXlndUdQeXBHUmN6MWd5OS5FQjcyRDZBMEMyNTY3OTdE)
2025-10-07 18:17:59,089 [INFO] social_media_connectors.youtube.upload - Added video lG7mPG4Pqzs to playlist PLxDNB6KvO9IYOZVXL-yguGPypGRcz1gy9 (playlist_item_id=UEx4RE5CNkt2TzlJWU9aVlhMLXlndUdQeXBHUmN6MWd5OS5FQjcyRDZBMEMyNTY3OTdE)
2025-10-07 18:17:59,104 [INFO] social_media_connectors.youtube.upload - Starting upload for /Users/saml16/projects/Elections_info/static/central_elections/lok_sabha_2024/Combined_video/1068.mp4
2025-10-07 18:18:01,243 [INFO] social_media_connectors.youtube.upload - Upload complete for /Users/saml16/projects/Elections_info/static/central_elections/lok_sabha_2024/Combined_video/1068.mp4 (video_id=t5gO5lh2jFA)
2025-10-07 18:18:01,648 [INFO] social_media_connectors.youtube.playlists - Inserted video t5gO5lh2jFA into playlist PLxDNB6KvO9IYOZVXL-yguGPypGRcz1gy9 (playlist_item_id=UEx4RE5CNkt2TzlJWU9aVlhMLXlndUdQeXBHUmN6MWd5OS44REI4QUZDRDI5MDc4Q0NF)
2025-10-07 18:18:01,649 [INFO] social_media_connectors.youtube.upload - Added video t5gO5lh2jFA to playlist PLxDNB6KvO9IYOZVXL-yguGPypGRcz1gy9 (playlist_item_id=UEx4RE5CNkt2TzlJWU9aVlhMLXlndUdQeXBHUmN6MWd5OS44REI4QUZDRDI5MDc4Q0NF)
2025-10-07 18:18:01,664 [INFO] social_media_connectors.youtube.upload - Starting upload for /Users/saml16/projects/Elections_info/static/central_elections/lok_sabha_2024/Combined_video/1069.mp4
2025-10-07 18:18:03,388 [INFO] social_media_connectors.youtube.upload - Upload complete for /Users/saml16/projects/Elections_info/static/central_elections/lok_sabha_2024/Combined_video/1069.mp4 (video_id=WoDIqCKu_kM)
2025-10-07 18:18:04,182 [INFO] social_media_connectors.youtube.playlists - Inserted video WoDIqCKu_kM into playlist PLxDNB6KvO9IYOZVXL-yguGPypGRcz1gy9 (playlist_item_id=UEx4RE5CNkt2TzlJWU9aVlhMLXlndUdQeXBHUmN6MWd5OS40ODU2MTBGM0M5MkIwQzU0)
2025-10-07 18:18:04,183 [INFO] social_media_connectors.youtube.upload - Added video WoDIqCKu_kM to playlist PLxDNB6KvO9IYOZVXL-yguGPypGRcz1gy9 (playlist_item_id=UEx4RE5CNkt2TzlJWU9aVlhMLXlndUdQeXBHUmN6MWd5OS40ODU2MTBGM0M5MkIwQzU0)
2025-10-07 18:18:04,199 [INFO] social_media_connectors.youtube.upload - Starting upload for /Users/saml16/projects/Elections_info/static/central_elections/lok_sabha_2024/Combined_video/107.mp4
2025-10-07 18:18:05,950 [INFO] social_media_connectors.youtube.upload - Upload complete for /Users/saml16/projects/Elections_info/static/central_elections/lok_sabha_2024/Combined_video/107.mp4 (video_id=wBp4pDTcw10)
2025-10-07 18:18:06,668 [INFO] social_media_connectors.youtube.playlists - Inserted video wBp4pDTcw10 into playlist PLxDNB6KvO9IYOZVXL-yguGPypGRcz1gy9 (playlist_item_id=UEx4RE5CNkt2TzlJWU9aVlhMLXlndUdQeXBHUmN6MWd5OS42RDgxQ0M2OUIwREZCNjZF)
2025-10-07 18:18:06,668 [INFO] social_media_connectors.youtube.upload - Added video wBp4pDTcw10 to playlist PLxDNB6KvO9IYOZVXL-yguGPypGRcz1gy9 (playlist_item_id=UEx4RE5CNkt2TzlJWU9aVlhMLXlndUdQeXBHUmN6MWd5OS42RDgxQ0M2OUIwREZCNjZF)
2025-10-07 18:18:06,683 [INFO] social_media_connectors.youtube.upload - Starting upload for /Users/saml16/projects/Elections_info/static/central_elections/lok_sabha_2024/Combined_video/1070.mp4
2025-10-07 18:18:08,407 [INFO] social_media_connectors.youtube.upload - Upload complete for /Users/saml16/projects/Elections_info/static/central_elections/lok_sabha_2024/Combined_video/1070.mp4 (video_id=xsBMEy6ljKE)
2025-10-07 18:18:09,227 [INFO] social_media_connectors.youtube.playlists - Inserted video xsBMEy6ljKE into playlist PLxDNB6KvO9IYOZVXL-yguGPypGRcz1gy9 (playlist_item_id=UEx4RE5CNkt2TzlJWU9aVlhMLXlndUdQeXBHUmN6MWd5OS40MzEwNkU4RUE0MjhBRjg4)
2025-10-07 18:18:09,227 [INFO] social_media_connectors.youtube.upload - Added video xsBMEy6ljKE to playlist PLxDNB6KvO9IYOZVXL-yguGPypGRcz1gy9 (playlist_item_id=UEx4RE5CNkt2TzlJWU9aVlhMLXlndUdQeXBHUmN6MWd5OS40MzEwNkU4RUE0MjhBRjg4)
2025-10-07 18:18:09,244 [INFO] social_media_connectors.youtube.upload - Starting upload for /Users/saml16/projects/Elections_info/static/central_elections/lok_sabha_2024/Combined_video/1071.mp4
2025-10-07 18:18:11,481 [INFO] social_media_connectors.youtube.upload - Upload complete for /Users/saml16/projects/Elections_info/static/central_elections/lok_sabha_2024/Combined_video/1071.mp4 (video_id=nHsKGOsR3y0)
2025-10-07 18:18:12,401 [INFO] social_media_connectors.youtube.playlists - Inserted video nHsKGOsR3y0 into playlist PLxDNB6KvO9IYOZVXL-yguGPypGRcz1gy9 (playlist_item_id=UEx4RE5CNkt2TzlJWU9aVlhMLXlndUdQeXBHUmN6MWd5OS5DODY2Qzc5Mzc1QkZEQ0NF)
2025-10-07 18:18:12,401 [INFO] social_media_connectors.youtube.upload - Added video nHsKGOsR3y0 to playlist PLxDNB6KvO9IYOZVXL-yguGPypGRcz1gy9 (playlist_item_id=UEx4RE5CNkt2TzlJWU9aVlhMLXlndUdQeXBHUmN6MWd5OS5DODY2Qzc5Mzc1QkZEQ0NF)
2025-10-07 18:18:12,419 [INFO] social_media_connectors.youtube.upload - Starting upload for /Users/saml16/projects/Elections_info/static/central_elections/lok_sabha_2024/Combined_video/1072.mp4
2025-10-07 18:18:14,244 [INFO] social_media_connectors.youtube.upload - Upload complete for /Users/saml16/projects/Elections_info/static/central_elections/lok_sabha_2024/Combined_video/1072.mp4 (video_id=5P2uqVjzwrg)
2025-10-07 18:18:14,653 [INFO] social_media_connectors.youtube.playlists - Inserted video 5P2uqVjzwrg into playlist PLxDNB6KvO9IYOZVXL-yguGPypGRcz1gy9 (playlist_item_id=UEx4RE5CNkt2TzlJWU9aVlhMLXlndUdQeXBHUmN6MWd5OS44NzQ1OTI1OUFFM0NFRTc5)
2025-10-07 18:18:14,653 [INFO] social_media_connectors.youtube.upload - Added video 5P2uqVjzwrg to playlist PLxDNB6KvO9IYOZVXL-yguGPypGRcz1gy9 (playlist_item_id=UEx4RE5CNkt2TzlJWU9aVlhMLXlndUdQeXBHUmN6MWd5OS44NzQ1OTI1OUFFM0NFRTc5)
2025-10-07 18:18:14,666 [INFO] social_media_connectors.youtube.upload - Starting upload for /Users/saml16/projects/Elections_info/static/central_elections/lok_sabha_2024/Combined_video/1073.mp4
2025-10-07 18:18:16,501 [INFO] social_media_connectors.youtube.upload - Upload complete for /Users/saml16/projects/Elections_info/static/central_elections/lok_sabha_2024/Combined_video/1073.mp4 (video_id=xiDB_uBobAw)
2025-10-07 18:18:16,854 [ERROR] social_media_connectors.youtube.bulk_upload - Failed to process row 67 (1073): <HttpError 409 when requesting https://youtube.googleapis.com/youtube/v3/playlistItems?part=snippet&alt=json returned "The operation was aborted.". Details: "[{'domain': 'youtube.CoreErrorDomain', 'reason': 'SERVICE_UNAVAILABLE'}]">
2025-10-07 18:18:16,868 [INFO] social_media_connectors.youtube.upload - Starting upload for /Users/saml16/projects/Elections_info/static/central_elections/lok_sabha_2024/Combined_video/1074.mp4
2025-10-07 18:18:18,749 [INFO] social_media_connectors.youtube.upload - Upload complete for /Users/saml16/projects/Elections_info/static/central_elections/lok_sabha_2024/Combined_video/1074.mp4 (video_id=TgLcoUZntGs)
2025-10-07 18:18:18,888 [ERROR] social_media_connectors.youtube.bulk_upload - Failed to process row 68 (1074): <HttpError 403 when requesting https://youtube.googleapis.com/youtube/v3/playlistItems?part=snippet&alt=json returned "The request cannot be completed because you have exceeded your <a href="/youtube/v3/getting-started#quota">quota</a>.". Details: "[{'message': 'The request cannot be completed because you have exceeded your <a href="/youtube/v3/getting-started#quota">quota</a>.', 'domain': 'youtube.quota', 'reason': 'quotaExceeded'}]">
2025-10-07 18:18:18,899 [INFO] social_media_connectors.youtube.upload - Starting upload for /Users/saml16/projects/Elections_info/static/central_elections/lok_sabha_2024/Combined_video/1075.mp4
2025-10-07 18:18:20,901 [INFO] social_media_connectors.youtube.upload - Upload complete for /Users/saml16/projects/Elections_info/static/central_elections/lok_sabha_2024/Combined_video/1075.mp4 (video_id=kW8uLN_ueFM)
2025-10-07 18:18:20,976 [ERROR] social_media_connectors.youtube.bulk_upload - Failed to process row 69 (1075): <HttpError 403 when requesting https://youtube.googleapis.com/youtube/v3/playlistItems?part=snippet&alt=json returned "The request cannot be completed because you have exceeded your <a href="/youtube/v3/getting-started#quota">quota</a>.". Details: "[{'message': 'The request cannot be completed because you have exceeded your <a href="/youtube/v3/getting-started#quota">quota</a>.', 'domain': 'youtube.quota', 'reason': 'quotaExceeded'}]">
2025-10-07 18:18:20,991 [INFO] social_media_connectors.youtube.upload - Starting upload for /Users/saml16/projects/Elections_info/static/central_elections/lok_sabha_2024/Combined_video/1076.mp4
2025-10-07 18:18:21,041 [WARNING] social_media_connectors.youtube.bulk_upload - Quota exhausted while processing row 70; stopping batch
2025-10-07 18:18:21,052 [INFO] social_media_connectors.youtube.bulk_upload - Completed bulk upload: 59 successes, 10 errors
2025-10-07 18:18:21,054 [WARNING] __main__ - Bulk upload completed with 10 errors
